Archive member included because of file (symbol)

c:/program files (x86)/microchip/xc32/v1.32/bin/bin/../../lib/gcc/pic32mx/4.5.2/../../../../pic32mx/lib\libmchp_peripheral.a(read_core_timer_lib.o)
                              build/default/production/_ext/1899928523/ETHPIC32ExtPhy.o (ReadCoreTimer)
c:/program files (x86)/microchip/xc32/v1.32/bin/bin/../../lib/gcc/pic32mx/4.5.2/../../../../pic32mx/lib\libmchp_peripheral_32MX795F512L.a(eth_ack_packet_lib.o)
                              build/default/production/_ext/1899928523/ETHPIC32IntMac.o (EthRxAcknowledgeBuffer)
c:/program files (x86)/microchip/xc32/v1.32/bin/bin/../../lib/gcc/pic32mx/4.5.2/../../../../pic32mx/lib\libmchp_peripheral_32MX795F512L.a(eth_descriptors_add_lib.o)
                              build/default/production/_ext/1899928523/ETHPIC32IntMac.o (EthDescriptorsPoolAdd)
c:/program files (x86)/microchip/xc32/v1.32/bin/bin/../../lib/gcc/pic32mx/4.5.2/../../../../pic32mx/lib\libmchp_peripheral_32MX795F512L.a(eth_init_lib.o)
                              build/default/production/_ext/1899928523/ETHPIC32IntMac.o (EthInit)
c:/program files (x86)/microchip/xc32/v1.32/bin/bin/../../lib/gcc/pic32mx/4.5.2/../../../../pic32mx/lib\libmchp_peripheral_32MX795F512L.a(eth_mac_open_lib.o)
                              build/default/production/_ext/1899928523/ETHPIC32IntMac.o (EthMACOpen)
c:/program files (x86)/microchip/xc32/v1.32/bin/bin/../../lib/gcc/pic32mx/4.5.2/../../../../pic32mx/lib\libmchp_peripheral_32MX795F512L.a(eth_mac_set_address_max_lib.o)
                              build/default/production/_ext/1899928523/ETHPIC32IntMac.o (EthMACSetAddress)
c:/program files (x86)/microchip/xc32/v1.32/bin/bin/../../lib/gcc/pic32mx/4.5.2/../../../../pic32mx/lib\libmchp_peripheral_32MX795F512L.a(eth_rx_buffers_append_lib.o)
                              build/default/production/_ext/1899928523/ETHPIC32IntMac.o (EthRxBuffersAppend)
c:/program files (x86)/microchip/xc32/v1.32/bin/bin/../../lib/gcc/pic32mx/4.5.2/../../../../pic32mx/lib\libmchp_peripheral_32MX795F512L.a(eth_rx_filters_lib.o)
                              build/default/production/_ext/1899928523/ETHPIC32IntMac.o (EthRxFiltersSet)
c:/program files (x86)/microchip/xc32/v1.32/bin/bin/../../lib/gcc/pic32mx/4.5.2/../../../../pic32mx/lib\libmchp_peripheral_32MX795F512L.a(eth_rx_get_packet_lib.o)
                              build/default/production/_ext/1899928523/ETHPIC32IntMac.o (EthRxGetBuffer)
c:/program files (x86)/microchip/xc32/v1.32/bin/bin/../../lib/gcc/pic32mx/4.5.2/../../../../pic32mx/lib\libmchp_peripheral_32MX795F512L.a(eth_rx_set_buffer_size_lib.o)
                              build/default/production/_ext/1899928523/ETHPIC32IntMac.o (EthRxSetBufferSize)
c:/program files (x86)/microchip/xc32/v1.32/bin/bin/../../lib/gcc/pic32mx/4.5.2/../../../../pic32mx/lib\libmchp_peripheral_32MX795F512L.a(eth_tx_packet_lib.o)
                              build/default/production/_ext/1899928523/ETHPIC32IntMac.o (EthTxSendBuffer)
c:/program files (x86)/microchip/xc32/v1.32/bin/bin/../../lib/gcc/pic32mx/4.5.2/../../../../pic32mx/lib\libmchp_peripheral_32MX795F512L.a(_eth_append_busy_list_lib.o)
                              c:/program files (x86)/microchip/xc32/v1.32/bin/bin/../../lib/gcc/pic32mx/4.5.2/../../../../pic32mx/lib\libmchp_peripheral_32MX795F512L.a(eth_ack_packet_lib.o) (_EthAppendBusyList)
c:/program files (x86)/microchip/xc32/v1.32/bin/bin/../../lib/gcc/pic32mx/4.5.2/../../../../pic32mx/lib\libmchp_peripheral_32MX795F512L.a(eth_miim_access.o)
                              build/default/production/_ext/1899928523/ETHPIC32ExtPhy.o (EthMIIMReadStart)
c:/program files (x86)/microchip/xc32/v1.32/bin/bin/../../lib/gcc/pic32mx/4.5.2/../../../../pic32mx/lib\libmchp_peripheral_32MX795F512L.a(pcache.o)
                              build/default/production/_ext/1614233714/system_init.o (CheKseg0CacheOn)
c:/program files (x86)/microchip/xc32/v1.32/bin/bin/../../lib/gcc/pic32mx/4.5.2/../../../../pic32mx/lib\libmchp_peripheral_32MX795F512L.a(int_disable_interrupts_lib.o)
                              build/default/production/_ext/1614233714/system_init.o (INTDisableInterrupts)
c:/program files (x86)/microchip/xc32/v1.32/bin/bin/../../lib/gcc/pic32mx/4.5.2/../../../../pic32mx/lib\libmchp_peripheral_32MX795F512L.a(int_restore_interrupts_lib.o)
                              build/default/production/_ext/1614233714/system_init.o (INTRestoreInterrupts)
c:/program files (x86)/microchip/xc32/v1.32/bin/bin/../../lib/gcc/pic32mx/4.5.2/../../../../pic32mx/lib\libmchp_peripheral_32MX795F512L.a(int_enable_mv_int_lib.o)
                              build/default/production/_ext/1614233714/system_init.o (INTEnableSystemMultiVectoredInt)
c:/program files (x86)/microchip/xc32/v1.32/bin/bin/../../lib/gcc/pic32mx/4.5.2/../../../../pic32mx/lib\libmchp_peripheral_32MX795F512L.a(int_tbl_lib.o)
[...]
Memory Configuration

Name             Origin             Length             Attributes
kseg0_program_mem 0x9d00c490         0x00074b70         xr
kseg0_boot_mem   0x9d00b000         0x00000000
exception_mem    0x9d00b000         0x00001000
kseg1_boot_mem   0x9d00c000         0x00000490
debug_exec_mem   0xbfc02000         0x00000ff0
config3          0xbfc02ff0         0x00000004
config2          0xbfc02ff4         0x00000004
config1          0xbfc02ff8         0x00000004
config0          0xbfc02ffc         0x00000004
kseg1_data_mem   0xa0000000         0x00020000         w !x
sfrs             0xbf800000         0x00100000
configsfrs       0xbfc02ff0         0x00000010
*default*        0x00000000         0xffffffff

Linker script and memory map

LOAD c:/program files (x86)/microchip/xc32/v1.32/bin/bin/../../lib/gcc/pic32mx/4.5.2/../../../../pic32mx/lib/./proc/32MX795F512L/crt0_mips32r2.o
LOAD c:/program files (x86)/microchip/xc32/v1.32/bin/bin/../../lib/gcc/pic32mx/4.5.2/../../../../pic32mx/lib\debug-exception-return.o
LOAD build/default/production/_ext/1614233714/system_init.o
LOAD build/default/production/_ext/1863216922/adc_driver.o
LOAD build/default/production/_ext/1863216922/i2c_driver.o
LOAD build/default/production/_ext/1863216922/joystick_driver.o
LOAD build/default/production/_ext/1863216922/lcd_driver.o
LOAD build/default/production/_ext/1863216922/led_driver.o
LOAD build/default/production/_ext/1863216922/uart_driver.o
LOAD build/default/production/_ext/1498672714/main.o
LOAD build/default/production/_ext/780186554/interrupts.o
LOAD build/default/production/_ext/780186554/scheduler.o
LOAD build/default/production/_ext/1649800668/SD-SPI.o
LOAD build/default/production/_ext/1899928523/Announce.o
LOAD build/default/production/_ext/1899928523/ARCFOUR.o
LOAD build/default/production/_ext/1899928523/ARP.o
LOAD build/default/production/_ext/1899928523/AutoIP.o
LOAD build/default/production/_ext/1899928523/BerkeleyAPI.o
LOAD build/default/production/_ext/1899928523/BigInt.o
LOAD build/default/production/_ext/1899928523/Delay.o
LOAD build/default/production/_ext/1899928523/DHCP.o
LOAD build/default/production/_ext/1899928523/DHCPs.o
LOAD build/default/production/_ext/1899928523/DNS.o
LOAD build/default/production/_ext/1899928523/DNSs.o
LOAD build/default/production/_ext/1899928523/DynDNS.o
LOAD build/default/production/_ext/1899928523/ENC28J60.o
LOAD build/default/production/_ext/1899928523/ENCX24J600.o
LOAD build/default/production/_ext/1899928523/ETH97J60.o
LOAD build/default/production/_ext/1899928523/ETHPIC32ExtPhy.o
LOAD build/default/production/_ext/1899928523/ETHPIC32ExtPhyDP83848.o
LOAD build/default/production/_ext/1899928523/ETHPIC32IntMac.o
LOAD build/default/production/_ext/1899928523/FileSystem.o
LOAD build/default/production/_ext/1899928523/FTP.o
LOAD build/default/production/_ext/1899928523/Hashes.o
LOAD build/default/production/_ext/1899928523/Helpers.o
LOAD build/default/production/_ext/1899928523/HTTP2.o
LOAD build/default/production/_ext/1899928523/ICMP.o
LOAD build/default/production/_ext/1899928523/IP.o
LOAD build/default/production/_ext/1899928523/LCDBlocking.o
LOAD build/default/production/_ext/1899928523/MPFS2.o
LOAD build/default/production/_ext/1899928523/MPFSImg2.o
LOAD build/default/production/_ext/1899928523/NBNS.o
LOAD build/default/production/_ext/1899928523/Random.o
LOAD build/default/production/_ext/1899928523/Reboot.o
LOAD build/default/production/_ext/1899928523/RSA.o
LOAD build/default/production/_ext/1899928523/SMTP.o
LOAD build/default/production/_ext/1899928523/SNMP.o
LOAD build/default/production/_ext/1899928523/SNMPv3.o
LOAD build/default/production/_ext/1899928523/SNMPv3USM.o
LOAD build/default/production/_ext/1899928523/SNTP.o
LOAD build/default/production/_ext/1899928523/SPIEEPROM.o
LOAD build/default/production/_ext/1899928523/SPIFlash.o
LOAD build/default/production/_ext/1899928523/SPIRAM.o
LOAD build/default/production/_ext/1899928523/SSL.o
LOAD build/default/production/_ext/1899928523/StackTsk.o
LOAD build/default/production/_ext/1899928523/TCP.o
LOAD build/default/production/_ext/1899928523/TCPPerformanceTest.o
LOAD build/default/production/_ext/1899928523/Telnet.o
LOAD build/default/production/_ext/1899928523/TFTPc.o
LOAD build/default/production/_ext/1899928523/Tick.o
LOAD build/default/production/_ext/1899928523/UART.o
LOAD build/default/production/_ext/1899928523/UART2TCPBridge.o
LOAD build/default/production/_ext/1899928523/UDP.o
LOAD build/default/production/_ext/1899928523/UDPPerformanceTest.o
LOAD build/default/production/_ext/1899928523/ZeroconfHelper.o
LOAD build/default/production/_ext/1899928523/ZeroconfLinkLocal.o
LOAD build/default/production/_ext/1899928523/ZeroconfMulticastDNS.o
LOAD build/default/production/_ext/395789329/fsio.o
LOAD build/default/production/_ext/395789329/usb_config.o
LOAD build/default/production/_ext/395789329/usb_host.o
LOAD build/default/production/_ext/395789329/usb_host_msd.o
LOAD build/default/production/_ext/395789329/usb_host_msd_scsi.o
LOAD build/default/production/_ext/779311843/adc_task.o
LOAD build/default/production/_ext/779311843/app_task.o
LOAD build/default/production/_ext/779311843/com_task.o
LOAD build/default/production/_ext/779311843/led_task.o
LOAD build/default/production/_ext/779311843/mcp23008_task.o
LOAD build/default/production/_ext/779311843/tcpip_task.o
LOAD build/default/production/_ext/779311843/test_task.o
LOAD build/default/production/_ext/779311843/usb_task.o
                0x00000001                __MPLAB_BUILD = 0x1
                0x00000400                PROVIDE (_min_stack_size, 0x400)
LOAD c:/program files (x86)/microchip/xc32/v1.32/bin/bin/../../lib/gcc/pic32mx/4.5.2/../../../../pic32mx/lib/./proc/32MX795F512L\processor.o
START GROUP
LOAD c:/program files (x86)/microchip/xc32/v1.32/bin/bin/../../lib/gcc/pic32mx/4.5.2/../../../../pic32mx/lib\libmchp_peripheral.a
END GROUP
START GROUP
LOAD c:/program files (x86)/microchip/xc32/v1.32/bin/bin/../../lib/gcc/pic32mx/4.5.2/../../../../pic32mx/lib\libmchp_peripheral_32MX795F512L.a
END GROUP
                0x00000001                PROVIDE (_vector_spacing, 0x1)
                0x9d00b000                _ebase_address = 0x9d00b000
                0x9d00c000                _RESET_ADDR = 0x9d00c000
                0x9d00c380                _BEV_EXCPT_ADDR = 0x9d00c380
                0x9d00c480                _DBG_EXCPT_ADDR = 0x9d00c480
                0xbfc02000                _DBG_CODE_ADDR = 0xbfc02000
                0x00000ff0                _DBG_CODE_SIZE = 0xff0
                0x9d00b180                _GEN_EXCPT_ADDR = (_ebase_address + 0x180)

.config_BFC02FF0
                0xbfc02ff0        0x4
 *(.config_BFC02FF0)
 .config_BFC02FF0
                0xbfc02ff0        0x4 build/default/production/_ext/1498672714/main.o

.config_BFC02FF4
                0xbfc02ff4        0x4
 *(.config_BFC02FF4)
 .config_BFC02FF4
                0xbfc02ff4        0x4 build/default/production/_ext/1498672714/main.o

.config_BFC02FF8
                0xbfc02ff8        0x4
 *(.config_BFC02FF8)
 .config_BFC02FF8
                0xbfc02ff8        0x4 build/default/production/_ext/1498672714/main.o

.config_BFC02FFC
                0xbfc02ffc        0x4
 *(.config_BFC02FFC)
 .config_BFC02FFC
                0xbfc02ffc        0x4 build/default/production/_ext/1498672714/main.o
                0xbfc02000                PROVIDE (_DBG_CODE_ADDR, 0xbfc02000)
                0x00000ff0                PROVIDE (_DBG_CODE_SIZE, 0xff0)

.reset          0x9d00c000      0x1e8
 *(.reset)
 .reset         0x9d00c000      0x1e8 c:/program files (x86)/microchip/xc32/v1.32/bin/bin/../../lib/gcc/pic32mx/4.5.2/../../../../pic32mx/lib/./proc/32MX795F512L/crt0_mips32r2.o
                0x9d00c000                _reset
 *(.reset.startup)

.bev_excpt      0x9d00c380       0x10
 *(.bev_handler)
 .bev_handler   0x9d00c380       0x10 c:/program files (x86)/microchip/xc32/v1.32/bin/bin/../../lib/gcc/pic32mx/4.5.2/../../../../pic32mx/lib/./proc/32MX795F512L/crt0_mips32r2.o

.dbg_excpt      0x9d00c480        0x0
                0x9d00c480                . = (. + DEFINED (_DEBUGGER)?0x8:0x0)

.dbg_code       0xbfc02000        0x0
                0xbfc02000                . = (. + DEFINED (_DEBUGGER)?_DBG_CODE_SIZE:0x0)

.app_excpt      0x9d00b180       0x10
 *(.gen_handler)
 .gen_handler   0x9d00b180       0x10 c:/program files (x86)/microchip/xc32/v1.32/bin/bin/../../lib/gcc/pic32mx/4.5.2/../../../../pic32mx/lib/./proc/32MX795F512L/crt0_mips32r2.o

.vector_0       0x9d00b200        0x8
 *(.vector_0)
 .vector_0      0x9d00b200        0x8 c:/program files (x86)/microchip/xc32/v1.32/bin/bin/../../lib/gcc/pic32mx/4.5.2/../../../../pic32mx/lib\libpic32.a(vector0.o)
                0x9d00b200                __vector_dispatch_0
                0x00000001                ASSERT (((_vector_spacing == 0x0) || (SIZEOF (.vector_0) <= (_vector_spacing << 0x5))), function at exception vector 0 too large)

.vector_1       0x9d00b220        0x8
 *(.vector_1)
 .vector_1      0x9d00b220        0x8 c:/program files (x86)/microchip/xc32/v1.32/bin/bin/../../lib/gcc/pic32mx/4.5.2/../../../../pic32mx/lib\libpic32.a(vector1.o)
                0x9d00b220                __vector_dispatch_1
                0x00000001                ASSERT (((_vector_spacing == 0x0) || (SIZEOF (.vector_1) <= (_vector_spacing << 0x5))), function at exception vector 1 too large)

.vector_2       0x9d00b240        0x8
 *(.vector_2)
 .vector_2      0x9d00b240        0x8 c:/program files (x86)/microchip/xc32/v1.32/bin/bin/../../lib/gcc/pic32mx/4.5.2/../../../../pic32mx/lib\libpic32.a(vector2.o)
                0x9d00b240                __vector_dispatch_2
                0x00000001                ASSERT (((_vector_spacing == 0x0) || (SIZEOF (.vector_2) <= (_vector_spacing << 0x5))), function at exception vector 2 too large)

.vector_3       0x9d00b260        0x8
 *(.vector_3)
 .vector_3      0x9d00b260        0x8 c:/program files (x86)/microchip/xc32/v1.32/bin/bin/../../lib/gcc/pic32mx/4.5.2/../../../../pic32mx/lib\libpic32.a(vector3.o)
                0x9d00b260                __vector_dispatch_3
                0x00000001                ASSERT (((_vector_spacing == 0x0) || (SIZEOF (.vector_3) <= (_vector_spacing << 0x5))), function at exception vector 3 too large)

.vector_4       0x9d00b280        0x8
 *(.vector_4)
 .vector_4      0x9d00b280        0x8 build/default/production/_ext/1899928523/Tick.o
                0x9d00b280                __vector_dispatch_4
                0x00000001                ASSERT (((_vector_spacing == 0x0) || (SIZEOF (.vector_4) <= (_vector_spacing << 0x5))), function at exception vector 4 too large)

.vector_5       0x9d00b2a0        0x8
 *(.vector_5)
 .vector_5      0x9d00b2a0        0x8 c:/program files (x86)/microchip/xc32/v1.32/bin/bin/../../lib/gcc/pic32mx/4.5.2/../../../../pic32mx/lib\libpic32.a(vector5.o)
                0x9d00b2a0                __vector_dispatch_5
                0x00000001                ASSERT (((_vector_spacing == 0x0) || (SIZEOF (.vector_5) <= (_vector_spacing << 0x5))), function at exception vector 5 too large)

.vector_6       0x9d00b2c0        0x8
 *(.vector_6)
 .vector_6      0x9d00b2c0        0x8 c:/program files (x86)/microchip/xc32/v1.32/bin/bin/../../lib/gcc/pic32mx/4.5.2/../../../../pic32mx/lib\libpic32.a(vector6.o)
                0x9d00b2c0                __vector_dispatch_6
                0x00000001                ASSERT (((_vector_spacing == 0x0) || (SIZEOF (.vector_6) <= (_vector_spacing << 0x5))), function at exception vector 6 too large)

.vector_7       0x9d00b2e0        0x8
 *(.vector_7)
 .vector_7      0x9d00b2e0        0x8 c:/program files (x86)/microchip/xc32/v1.32/bin/bin/../../lib/gcc/pic32mx/4.5.2/../../../../pic32mx/lib\libpic32.a(vector7.o)
                0x9d00b2e0                __vector_dispatch_7
                0x00000001                ASSERT (((_vector_spacing == 0x0) || (SIZEOF (.vector_7) <= (_vector_spacing << 0x5))), function at exception vector 7 too large)

.vector_8       0x9d00b300        0x8
 *(.vector_8)
 .vector_8      0x9d00b300        0x8 build/default/production/_ext/780186554/interrupts.o
                0x9d00b300                __vector_dispatch_8
                0x00000001                ASSERT (((_vector_spacing == 0x0) || (SIZEOF (.vector_8) <= (_vector_spacing << 0x5))), function at exception vector 8 too large)

.vector_9       0x9d00b320        0x8
 *(.vector_9)
 .vector_9      0x9d00b320        0x8 c:/program files (x86)/microchip/xc32/v1.32/bin/bin/../../lib/gcc/pic32mx/4.5.2/../../../../pic32mx/lib\libpic32.a(vector9.o)
                0x9d00b320                __vector_dispatch_9
                0x00000001                ASSERT (((_vector_spacing == 0x0) || (SIZEOF (.vector_9) <= (_vector_spacing << 0x5))), function at exception vector 9 too large)

.vector_10      0x9d00b340        0x8
 *(.vector_10)
 .vector_10     0x9d00b340        0x8 c:/program files (x86)/microchip/xc32/v1.32/bin/bin/../../lib/gcc/pic32mx/4.5.2/../../../../pic32mx/lib\libpic32.a(vector10.o)
                0x9d00b340                __vector_dispatch_10
                0x00000001                ASSERT (((_vector_spacing == 0x0) || (SIZEOF (.vector_10) <= (_vector_spacing << 0x5))), function at exception vector 10 too large)

.vector_11      0x9d00b360        0x8
 *(.vector_11)
 .vector_11     0x9d00b360        0x8 c:/program files (x86)/microchip/xc32/v1.32/bin/bin/../../lib/gcc/pic32mx/4.5.2/../../../../pic32mx/lib\libpic32.a(vector11.o)
                0x9d00b360                __vector_dispatch_11
                0x00000001                ASSERT (((_vector_spacing == 0x0) || (SIZEOF (.vector_11) <= (_vector_spacing << 0x5))), function at exception vector 11 too large)

.vector_12      0x9d00b380        0x8
 *(.vector_12)
 .vector_12     0x9d00b380        0x8 c:/program files (x86)/microchip/xc32/v1.32/bin/bin/../../lib/gcc/pic32mx/4.5.2/../../../../pic32mx/lib\libpic32.a(vector12.o)
                0x9d00b380                __vector_dispatch_12
                0x00000001                ASSERT (((_vector_spacing == 0x0) || (SIZEOF (.vector_12) <= (_vector_spacing << 0x5))), function at exception vector 12 too large)

.vector_13      0x9d00b3a0        0x8
 *(.vector_13)
 .vector_13     0x9d00b3a0        0x8 c:/program files (x86)/microchip/xc32/v1.32/bin/bin/../../lib/gcc/pic32mx/4.5.2/../../../../pic32mx/lib\libpic32.a(vector13.o)
                0x9d00b3a0                __vector_dispatch_13
                0x00000001                ASSERT (((_vector_spacing == 0x0) || (SIZEOF (.vector_13) <= (_vector_spacing << 0x5))), function at exception vector 13 too large)

.vector_14      0x9d00b3c0        0x8
 *(.vector_14)
 .vector_14     0x9d00b3c0        0x8 c:/program files (x86)/microchip/xc32/v1.32/bin/bin/../../lib/gcc/pic32mx/4.5.2/../../../../pic32mx/lib\libpic32.a(vector14.o)
                0x9d00b3c0                __vector_dispatch_14
                0x00000001                ASSERT (((_vector_spacing == 0x0) || (SIZEOF (.vector_14) <= (_vector_spacing << 0x5))), function at exception vector 14 too large)

.vector_15      0x9d00b3e0        0x8
 *(.vector_15)
 .vector_15     0x9d00b3e0        0x8 c:/program files (x86)/microchip/xc32/v1.32/bin/bin/../../lib/gcc/pic32mx/4.5.2/../../../../pic32mx/lib\libpic32.a(vector15.o)
                0x9d00b3e0                __vector_dispatch_15
                0x00000001                ASSERT (((_vector_spacing == 0x0) || (SIZEOF (.vector_15) <= (_vector_spacing << 0x5))), function at exception vector 15 too large)

.vector_16      0x9d00b400        0x8
 *(.vector_16)
 .vector_16     0x9d00b400        0x8 c:/program files (x86)/microchip/xc32/v1.32/bin/bin/../../lib/gcc/pic32mx/4.5.2/../../../../pic32mx/lib\libpic32.a(vector16.o)
                0x9d00b400                __vector_dispatch_16
                0x00000001                ASSERT (((_vector_spacing == 0x0) || (SIZEOF (.vector_16) <= (_vector_spacing << 0x5))), function at exception vector 16 too large)

.vector_17      0x9d00b420        0x8
 *(.vector_17)
 .vector_17     0x9d00b420        0x8 c:/program files (x86)/microchip/xc32/v1.32/bin/bin/../../lib/gcc/pic32mx/4.5.2/../../../../pic32mx/lib\libpic32.a(vector17.o)
                0x9d00b420                __vector_dispatch_17
                0x00000001                ASSERT (((_vector_spacing == 0x0) || (SIZEOF (.vector_17) <= (_vector_spacing << 0x5))), function at exception vector 17 too large)

.vector_18      0x9d00b440        0x8
 *(.vector_18)
 .vector_18     0x9d00b440        0x8 c:/program files (x86)/microchip/xc32/v1.32/bin/bin/../../lib/gcc/pic32mx/4.5.2/../../../../pic32mx/lib\libpic32.a(vector18.o)
                0x9d00b440                __vector_dispatch_18
                0x00000001                ASSERT (((_vector_spacing == 0x0) || (SIZEOF (.vector_18) <= (_vector_spacing << 0x5))), function at exception vector 18 too large)

.vector_19      0x9d00b460        0x8
 *(.vector_19)
 .vector_19     0x9d00b460        0x8 c:/program files (x86)/microchip/xc32/v1.32/bin/bin/../../lib/gcc/pic32mx/4.5.2/../../../../pic32mx/lib\libpic32.a(vector19.o)
                0x9d00b460                __vector_dispatch_19
                0x00000001                ASSERT (((_vector_spacing == 0x0) || (SIZEOF (.vector_19) <= (_vector_spacing << 0x5))), function at exception vector 19 too large)

.vector_20      0x9d00b480        0x8
 *(.vector_20)
 .vector_20     0x9d00b480        0x8 c:/program files (x86)/microchip/xc32/v1.32/bin/bin/../../lib/gcc/pic32mx/4.5.2/../../../../pic32mx/lib\libpic32.a(vector20.o)
                0x9d00b480                __vector_dispatch_20
                0x00000001                ASSERT (((_vector_spacing == 0x0) || (SIZEOF (.vector_20) <= (_vector_spacing << 0x5))), function at exception vector 20 too large)

.vector_21      0x9d00b4a0        0x8
 *(.vector_21)
 .vector_21     0x9d00b4a0        0x8 c:/program files (x86)/microchip/xc32/v1.32/bin/bin/../../lib/gcc/pic32mx/4.5.2/../../../../pic32mx/lib\libpic32.a(vector21.o)
                0x9d00b4a0                __vector_dispatch_21
                0x00000001                ASSERT (((_vector_spacing == 0x0) || (SIZEOF (.vector_21) <= (_vector_spacing << 0x5))), function at exception vector 21 too large)

.vector_22      0x9d00b4c0        0x8
 *(.vector_22)
 .vector_22     0x9d00b4c0        0x8 c:/program files (x86)/microchip/xc32/v1.32/bin/bin/../../lib/gcc/pic32mx/4.5.2/../../../../pic32mx/lib\libpic32.a(vector22.o)
                0x9d00b4c0                __vector_dispatch_22
                0x00000001                ASSERT (((_vector_spacing == 0x0) || (SIZEOF (.vector_22) <= (_vector_spacing << 0x5))), function at exception vector 22 too large)

.vector_23      0x9d00b4e0        0x8
 *(.vector_23)
 .vector_23     0x9d00b4e0        0x8 c:/program files (x86)/microchip/xc32/v1.32/bin/bin/../../lib/gcc/pic32mx/4.5.2/../../../../pic32mx/lib\libpic32.a(vector23.o)
                0x9d00b4e0                __vector_dispatch_23
                0x00000001                ASSERT (((_vector_spacing == 0x0) || (SIZEOF (.vector_23) <= (_vector_spacing << 0x5))), function at exception vector 23 too large)

.vector_24      0x9d00b500        0x8
 *(.vector_24)
 .vector_24     0x9d00b500        0x8 c:/program files (x86)/microchip/xc32/v1.32/bin/bin/../../lib/gcc/pic32mx/4.5.2/../../../../pic32mx/lib\libpic32.a(vector24.o)
                0x9d00b500                __vector_dispatch_24
                0x00000001                ASSERT (((_vector_spacing == 0x0) || (SIZEOF (.vector_24) <= (_vector_spacing << 0x5))), function at exception vector 24 too large)

.vector_25      0x9d00b520        0x8
 *(.vector_25)
 .vector_25     0x9d00b520        0x8 c:/program files (x86)/microchip/xc32/v1.32/bin/bin/../../lib/gcc/pic32mx/4.5.2/../../../../pic32mx/lib\libpic32.a(vector25.o)
                0x9d00b520                __vector_dispatch_25
                0x00000001                ASSERT (((_vector_spacing == 0x0) || (SIZEOF (.vector_25) <= (_vector_spacing << 0x5))), function at exception vector 25 too large)

.vector_26      0x9d00b540        0x8
 *(.vector_26)
 .vector_26     0x9d00b540        0x8 c:/program files (x86)/microchip/xc32/v1.32/bin/bin/../../lib/gcc/pic32mx/4.5.2/../../../../pic32mx/lib\libpic32.a(vector26.o)
                0x9d00b540                __vector_dispatch_26
                0x00000001                ASSERT (((_vector_spacing == 0x0) || (SIZEOF (.vector_26) <= (_vector_spacing << 0x5))), function at exception vector 26 too large)

.vector_27      0x9d00b560        0x8
 *(.vector_27)
 .vector_27     0x9d00b560        0x8 c:/program files (x86)/microchip/xc32/v1.32/bin/bin/../../lib/gcc/pic32mx/4.5.2/../../../../pic32mx/lib\libpic32.a(vector27.o)
                0x9d00b560                __vector_dispatch_27
                0x00000001                ASSERT (((_vector_spacing == 0x0) || (SIZEOF (.vector_27) <= (_vector_spacing << 0x5))), function at exception vector 27 too large)

.vector_28      0x9d00b580        0x8
 *(.vector_28)
 .vector_28     0x9d00b580        0x8 c:/program files (x86)/microchip/xc32/v1.32/bin/bin/../../lib/gcc/pic32mx/4.5.2/../../../../pic32mx/lib\libpic32.a(vector28.o)
                0x9d00b580                __vector_dispatch_28
                0x00000001                ASSERT (((_vector_spacing == 0x0) || (SIZEOF (.vector_28) <= (_vector_spacing << 0x5))), function at exception vector 28 too large)

.vector_29      0x9d00b5a0        0x8
 *(.vector_29)
 .vector_29     0x9d00b5a0        0x8 c:/program files (x86)/microchip/xc32/v1.32/bin/bin/../../lib/gcc/pic32mx/4.5.2/../../../../pic32mx/lib\libpic32.a(vector29.o)
                0x9d00b5a0                __vector_dispatch_29
                0x00000001                ASSERT (((_vector_spacing == 0x0) || (SIZEOF (.vector_29) <= (_vector_spacing << 0x5))), function at exception vector 29 too large)

.vector_30      0x9d00b5c0        0x8
 *(.vector_30)
 .vector_30     0x9d00b5c0        0x8 c:/program files (x86)/microchip/xc32/v1.32/bin/bin/../../lib/gcc/pic32mx/4.5.2/../../../../pic32mx/lib\libpic32.a(vector30.o)
                0x9d00b5c0                __vector_dispatch_30
                0x00000001                ASSERT (((_vector_spacing == 0x0) || (SIZEOF (.vector_30) <= (_vector_spacing << 0x5))), function at exception vector 30 too large)

.vector_31      0x9d00b5e0        0x8
 *(.vector_31)
 .vector_31     0x9d00b5e0        0x8 c:/program files (x86)/microchip/xc32/v1.32/bin/bin/../../lib/gcc/pic32mx/4.5.2/../../../../pic32mx/lib\libpic32.a(vector31.o)
                0x9d00b5e0                __vector_dispatch_31
                0x00000001                ASSERT (((_vector_spacing == 0x0) || (SIZEOF (.vector_31) <= (_vector_spacing << 0x5))), function at exception vector 31 too large)

.vector_32      0x9d00b600        0x8
 *(.vector_32)
 .vector_32     0x9d00b600        0x8 c:/program files (x86)/microchip/xc32/v1.32/bin/bin/../../lib/gcc/pic32mx/4.5.2/../../../../pic32mx/lib\libpic32.a(vector32.o)
                0x9d00b600                __vector_dispatch_32
                0x00000001                ASSERT (((_vector_spacing == 0x0) || (SIZEOF (.vector_32) <= (_vector_spacing << 0x5))), function at exception vector 32 too large)

.vector_33      0x9d00b620        0x8
 *(.vector_33)
 .vector_33     0x9d00b620        0x8 c:/program files (x86)/microchip/xc32/v1.32/bin/bin/../../lib/gcc/pic32mx/4.5.2/../../../../pic32mx/lib\libpic32.a(vector33.o)
                0x9d00b620                __vector_dispatch_33
                0x00000001                ASSERT (((_vector_spacing == 0x0) || (SIZEOF (.vector_33) <= (_vector_spacing << 0x5))), function at exception vector 33 too large)

.vector_34      0x9d00b640        0x8
 *(.vector_34)
 .vector_34     0x9d00b640        0x8 c:/program files (x86)/microchip/xc32/v1.32/bin/bin/../../lib/gcc/pic32mx/4.5.2/../../../../pic32mx/lib\libpic32.a(vector34.o)
                0x9d00b640                __vector_dispatch_34
                0x00000001                ASSERT (((_vector_spacing == 0x0) || (SIZEOF (.vector_34) <= (_vector_spacing << 0x5))), function at exception vector 34 too large)

.vector_35      0x9d00b660        0x8
 *(.vector_35)
 .vector_35     0x9d00b660        0x8 c:/program files (x86)/microchip/xc32/v1.32/bin/bin/../../lib/gcc/pic32mx/4.5.2/../../../../pic32mx/lib\libpic32.a(vector35.o)
                0x9d00b660                __vector_dispatch_35
                0x00000001                ASSERT (((_vector_spacing == 0x0) || (SIZEOF (.vector_35) <= (_vector_spacing << 0x5))), function at exception vector 35 too large)

.vector_36      0x9d00b680        0x8
 *(.vector_36)
 .vector_36     0x9d00b680        0x8 c:/program files (x86)/microchip/xc32/v1.32/bin/bin/../../lib/gcc/pic32mx/4.5.2/../../../../pic32mx/lib\libpic32.a(vector36.o)
                0x9d00b680                __vector_dispatch_36
                0x00000001                ASSERT (((_vector_spacing == 0x0) || (SIZEOF (.vector_36) <= (_vector_spacing << 0x5))), function at exception vector 36 too large)

.vector_37      0x9d00b6a0        0x8
 *(.vector_37)
 .vector_37     0x9d00b6a0        0x8 c:/program files (x86)/microchip/xc32/v1.32/bin/bin/../../lib/gcc/pic32mx/4.5.2/../../../../pic32mx/lib\libpic32.a(vector37.o)
                0x9d00b6a0                __vector_dispatch_37
                0x00000001                ASSERT (((_vector_spacing == 0x0) || (SIZEOF (.vector_37) <= (_vector_spacing << 0x5))), function at exception vector 37 too large)

.vector_38      0x9d00b6c0        0x8
 *(.vector_38)
 .vector_38     0x9d00b6c0        0x8 c:/program files (x86)/microchip/xc32/v1.32/bin/bin/../../lib/gcc/pic32mx/4.5.2/../../../../pic32mx/lib\libpic32.a(vector38.o)
                0x9d00b6c0                __vector_dispatch_38
                0x00000001                ASSERT (((_vector_spacing == 0x0) || (SIZEOF (.vector_38) <= (_vector_spacing << 0x5))), function at exception vector 38 too large)

.vector_39      0x9d00b6e0        0x8
 *(.vector_39)
 .vector_39     0x9d00b6e0        0x8 c:/program files (x86)/microchip/xc32/v1.32/bin/bin/../../lib/gcc/pic32mx/4.5.2/../../../../pic32mx/lib\libpic32.a(vector39.o)
                0x9d00b6e0                __vector_dispatch_39
                0x00000001                ASSERT (((_vector_spacing == 0x0) || (SIZEOF (.vector_39) <= (_vector_spacing << 0x5))), function at exception vector 39 too large)

.vector_40      0x9d00b700        0x8
 *(.vector_40)
 .vector_40     0x9d00b700        0x8 c:/program files (x86)/microchip/xc32/v1.32/bin/bin/../../lib/gcc/pic32mx/4.5.2/../../../../pic32mx/lib\libpic32.a(vector40.o)
                0x9d00b700                __vector_dispatch_40
                0x00000001                ASSERT (((_vector_spacing == 0x0) || (SIZEOF (.vector_40) <= (_vector_spacing << 0x5))), function at exception vector 40 too large)

.vector_41      0x9d00b720        0x8
 *(.vector_41)
 .vector_41     0x9d00b720        0x8 c:/program files (x86)/microchip/xc32/v1.32/bin/bin/../../lib/gcc/pic32mx/4.5.2/../../../../pic32mx/lib\libpic32.a(vector41.o)
                0x9d00b720                __vector_dispatch_41
                0x00000001                ASSERT (((_vector_spacing == 0x0) || (SIZEOF (.vector_41) <= (_vector_spacing << 0x5))), function at exception vector 41 too large)

.vector_42      0x9d00b740        0x8
 *(.vector_42)
 .vector_42     0x9d00b740        0x8 c:/program files (x86)/microchip/xc32/v1.32/bin/bin/../../lib/gcc/pic32mx/4.5.2/../../../../pic32mx/lib\libpic32.a(vector42.o)
                0x9d00b740                __vector_dispatch_42
                0x00000001                ASSERT (((_vector_spacing == 0x0) || (SIZEOF (.vector_42) <= (_vector_spacing << 0x5))), function at exception vector 42 too large)

.vector_43      0x9d00b760        0x8
 *(.vector_43)
 .vector_43     0x9d00b760        0x8 c:/program files (x86)/microchip/xc32/v1.32/bin/bin/../../lib/gcc/pic32mx/4.5.2/../../../../pic32mx/lib\libpic32.a(vector43.o)
                0x9d00b760                __vector_dispatch_43
                0x00000001                ASSERT (((_vector_spacing == 0x0) || (SIZEOF (.vector_43) <= (_vector_spacing << 0x5))), function at exception vector 43 too large)

.vector_44      0x9d00b780        0x8
 *(.vector_44)
 .vector_44     0x9d00b780        0x8 c:/program files (x86)/microchip/xc32/v1.32/bin/bin/../../lib/gcc/pic32mx/4.5.2/../../../../pic32mx/lib\libpic32.a(vector44.o)
                0x9d00b780                __vector_dispatch_44
                0x00000001                ASSERT (((_vector_spacing == 0x0) || (SIZEOF (.vector_44) <= (_vector_spacing << 0x5))), function at exception vector 44 too large)

.vector_45      0x9d00b7a0        0x8
 *(.vector_45)
 .vector_45     0x9d00b7a0        0x8 build/default/production/_ext/395789329/usb_host.o
                0x9d00b7a0                __vector_dispatch_45
                0x00000001                ASSERT (((_vector_spacing == 0x0) || (SIZEOF (.vector_45) <= (_vector_spacing << 0x5))), function at exception vector 45 too large)

.vector_46      0x9d00b7c0        0x8
 *(.vector_46)
 .vector_46     0x9d00b7c0        0x8 c:/program files (x86)/microchip/xc32/v1.32/bin/bin/../../lib/gcc/pic32mx/4.5.2/../../../../pic32mx/lib\libpic32.a(vector46.o)
                0x9d00b7c0                __vector_dispatch_46
                0x00000001                ASSERT (((_vector_spacing == 0x0) || (SIZEOF (.vector_46) <= (_vector_spacing << 0x5))), function at exception vector 46 too large)

.vector_47      0x9d00b7e0        0x8
 *(.vector_47)
 .vector_47     0x9d00b7e0        0x8 c:/program files (x86)/microchip/xc32/v1.32/bin/bin/../../lib/gcc/pic32mx/4.5.2/../../../../pic32mx/lib\libpic32.a(vector47.o)
                0x9d00b7e0                __vector_dispatch_47
                0x00000001                ASSERT (((_vector_spacing == 0x0) || (SIZEOF (.vector_47) <= (_vector_spacing << 0x5))), function at exception vector 47 too large)

.vector_48      0x9d00b800        0x8
 *(.vector_48)
 .vector_48     0x9d00b800        0x8 c:/program files (x86)/microchip/xc32/v1.32/bin/bin/../../lib/gcc/pic32mx/4.5.2/../../../../pic32mx/lib\libpic32.a(vector48.o)
                0x9d00b800                __vector_dispatch_48
                0x00000001                ASSERT (((_vector_spacing == 0x0) || (SIZEOF (.vector_48) <= (_vector_spacing << 0x5))), function at exception vector 48 too large)

.vector_49      0x9d00b820        0x8
 *(.vector_49)
 .vector_49     0x9d00b820        0x8 c:/program files (x86)/microchip/xc32/v1.32/bin/bin/../../lib/gcc/pic32mx/4.5.2/../../../../pic32mx/lib\libpic32.a(vector49.o)
                0x9d00b820                __vector_dispatch_49
                0x00000001                ASSERT (((_vector_spacing == 0x0) || (SIZEOF (.vector_49) <= (_vector_spacing << 0x5))), function at exception vector 49 too large)

.vector_50      0x9d00b840        0x8
 *(.vector_50)
 .vector_50     0x9d00b840        0x8 c:/program files (x86)/microchip/xc32/v1.32/bin/bin/../../lib/gcc/pic32mx/4.5.2/../../../../pic32mx/lib\libpic32.a(vector50.o)
                0x9d00b840                __vector_dispatch_50
                0x00000001                ASSERT (((_vector_spacing == 0x0) || (SIZEOF (.vector_50) <= (_vector_spacing << 0x5))), function at exception vector 50 too large)

.vector_51      0x9d00b860        0x8
 *(.vector_51)
 .vector_51     0x9d00b860        0x8 c:/program files (x86)/microchip/xc32/v1.32/bin/bin/../../lib/gcc/pic32mx/4.5.2/../../../../pic32mx/lib\libpic32.a(vector51.o)
                0x9d00b860                __vector_dispatch_51
                0x00000001                ASSERT (((_vector_spacing == 0x0) || (SIZEOF (.vector_51) <= (_vector_spacing << 0x5))), function at exception vector 51 too large)

.vector_52      0x9d00b880        0x8
 *(.vector_52)
 .vector_52     0x9d00b880        0x8 c:/program files (x86)/microchip/xc32/v1.32/bin/bin/../../lib/gcc/pic32mx/4.5.2/../../../../pic32mx/lib\libpic32.a(vector52.o)
                0x9d00b880                __vector_dispatch_52
                0x00000001                ASSERT (((_vector_spacing == 0x0) || (SIZEOF (.vector_52) <= (_vector_spacing << 0x5))), function at exception vector 52 too large)

.vector_53      0x9d00b8a0        0x8
 *(.vector_53)
 .vector_53     0x9d00b8a0        0x8 c:/program files (x86)/microchip/xc32/v1.32/bin/bin/../../lib/gcc/pic32mx/4.5.2/../../../../pic32mx/lib\libpic32.a(vector53.o)
                0x9d00b8a0                __vector_dispatch_53
                0x00000001                ASSERT (((_vector_spacing == 0x0) || (SIZEOF (.vector_53) <= (_vector_spacing << 0x5))), function at exception vector 53 too large)

.vector_54      0x9d00b8c0        0x8
 *(.vector_54)
 .vector_54     0x9d00b8c0        0x8 c:/program files (x86)/microchip/xc32/v1.32/bin/bin/../../lib/gcc/pic32mx/4.5.2/../../../../pic32mx/lib\libpic32.a(vector54.o)
                0x9d00b8c0                __vector_dispatch_54
                0x00000001                ASSERT (((_vector_spacing == 0x0) || (SIZEOF (.vector_54) <= (_vector_spacing << 0x5))), function at exception vector 54 too large)

.vector_55      0x9d00b8e0        0x8
 *(.vector_55)
 .vector_55     0x9d00b8e0        0x8 c:/program files (x86)/microchip/xc32/v1.32/bin/bin/../../lib/gcc/pic32mx/4.5.2/../../../../pic32mx/lib\libpic32.a(vector55.o)
                0x9d00b8e0                __vector_dispatch_55
                0x00000001                ASSERT (((_vector_spacing == 0x0) || (SIZEOF (.vector_55) <= (_vector_spacing << 0x5))), function at exception vector 55 too large)

.vector_56      0x9d00b900        0x8
 *(.vector_56)
 .vector_56     0x9d00b900        0x8 c:/program files (x86)/microchip/xc32/v1.32/bin/bin/../../lib/gcc/pic32mx/4.5.2/../../../../pic32mx/lib\libpic32.a(vector56.o)
                0x9d00b900                __vector_dispatch_56
                0x00000001                ASSERT (((_vector_spacing == 0x0) || (SIZEOF (.vector_56) <= (_vector_spacing << 0x5))), function at exception vector 56 too large)

.vector_57      0x9d00b920        0x8
 *(.vector_57)
 .vector_57     0x9d00b920        0x8 c:/program files (x86)/microchip/xc32/v1.32/bin/bin/../../lib/gcc/pic32mx/4.5.2/../../../../pic32mx/lib\libpic32.a(vector57.o)
                0x9d00b920                __vector_dispatch_57
                0x00000001                ASSERT (((_vector_spacing == 0x0) || (SIZEOF (.vector_57) <= (_vector_spacing << 0x5))), function at exception vector 57 too large)

.vector_58      0x9d00b940        0x8
 *(.vector_58)
 .vector_58     0x9d00b940        0x8 c:/program files (x86)/microchip/xc32/v1.32/bin/bin/../../lib/gcc/pic32mx/4.5.2/../../../../pic32mx/lib\libpic32.a(vector58.o)
                0x9d00b940                __vector_dispatch_58
                0x00000001                ASSERT (((_vector_spacing == 0x0) || (SIZEOF (.vector_58) <= (_vector_spacing << 0x5))), function at exception vector 58 too large)

.vector_59      0x9d00b960        0x8
 *(.vector_59)
 .vector_59     0x9d00b960        0x8 c:/program files (x86)/microchip/xc32/v1.32/bin/bin/../../lib/gcc/pic32mx/4.5.2/../../../../pic32mx/lib\libpic32.a(vector59.o)
                0x9d00b960                __vector_dispatch_59
                0x00000001                ASSERT (((_vector_spacing == 0x0) || (SIZEOF (.vector_59) <= (_vector_spacing << 0x5))), function at exception vector 59 too large)

.vector_60      0x9d00b980        0x8
 *(.vector_60)
 .vector_60     0x9d00b980        0x8 c:/program files (x86)/microchip/xc32/v1.32/bin/bin/../../lib/gcc/pic32mx/4.5.2/../../../../pic32mx/lib\libpic32.a(vector60.o)
                0x9d00b980                __vector_dispatch_60
                0x00000001                ASSERT (((_vector_spacing == 0x0) || (SIZEOF (.vector_60) <= (_vector_spacing << 0x5))), function at exception vector 60 too large)

.vector_61      0x9d00b9a0        0x8
 *(.vector_61)
 .vector_61     0x9d00b9a0        0x8 c:/program files (x86)/microchip/xc32/v1.32/bin/bin/../../lib/gcc/pic32mx/4.5.2/../../../../pic32mx/lib\libpic32.a(vector61.o)
                0x9d00b9a0                __vector_dispatch_61
                0x00000001                ASSERT (((_vector_spacing == 0x0) || (SIZEOF (.vector_61) <= (_vector_spacing << 0x5))), function at exception vector 61 too large)

.vector_62      0x9d00b9c0        0x8
 *(.vector_62)
 .vector_62     0x9d00b9c0        0x8 c:/program files (x86)/microchip/xc32/v1.32/bin/bin/../../lib/gcc/pic32mx/4.5.2/../../../../pic32mx/lib\libpic32.a(vector62.o)
                0x9d00b9c0                __vector_dispatch_62
                0x00000001                ASSERT (((_vector_spacing == 0x0) || (SIZEOF (.vector_62) <= (_vector_spacing << 0x5))), function at exception vector 62 too large)

.vector_63      0x9d00b9e0        0x8
 *(.vector_63)
 .vector_63     0x9d00b9e0        0x8 c:/program files (x86)/microchip/xc32/v1.32/bin/bin/../../lib/gcc/pic32mx/4.5.2/../../../../pic32mx/lib\libpic32.a(vector63.o)
                0x9d00b9e0                __vector_dispatch_63
                0x00000001                ASSERT (((_vector_spacing == 0x0) || (SIZEOF (.vector_63) <= (_vector_spacing << 0x5))), function at exception vector 63 too large)

.startup
 *(.startup)

.text           0x9d00c490        0x0
 *(.stub .gnu.linkonce.t.*)
 *(.text.*personality*)
 *(.mips16.fn.*)
 *(.mips16.call.*)
 *(.gnu.warning)
                0x9d00c490                . = ALIGN (0x4)

.init           0x9d00c490        0x0
 *crti.o(.init)
 *crtbegin.o(.init)
 *(EXCLUDE_FILE(*crtn.o *crtend?.o *crtend.o) .init)
 *crtend.o(.init)
 *crtn.o(.init)
                0x9d00c490                . = ALIGN (0x4)

.fini           0x9d00c490        0x0
 *(.fini)
                0x9d00c490                . = ALIGN (0x4)

.preinit_array  0x9d00c490        0x0
                0x9d00c490                PROVIDE (__preinit_array_start, .)
 *(.preinit_array)
                0x9d00c490                PROVIDE (__preinit_array_end, .)
                0x9d00c490                . = ALIGN (0x4)

.init_array     0x9d00c490        0x0
                0x9d00c490                PROVIDE (__init_array_start, .)
 *(SORT(.init_array.*))
 *(.init_array)
                0x9d00c490                PROVIDE (__init_array_end, .)
                0x9d00c490                . = ALIGN (0x4)

.fini_array     0x9d00c490        0x0
                0x9d00c490                PROVIDE (__fini_array_start, .)
 *(SORT(.fini_array.*))
 *(.fini_array)
                0x9d00c490                PROVIDE (__fini_array_end, .)
                0x9d00c490                . = ALIGN (0x4)

.ctors          0x9d00c490        0x0
 *crtbegin.o(.ctors)
 *crtbegin?.o(.ctors)
 *(EXCLUDE_FILE(*crtend?.o *crtend.o) .ctors)
 *(SORT(.ctors.*))
 *(.ctors)
                0x9d00c490                . = ALIGN (0x4)

.dtors          0x9d00c490        0x0
 *crtbegin.o(.dtors)
 *crtbegin?.o(.dtors)
 *(EXCLUDE_FILE(*crtend?.o *crtend.o) .dtors)
 *(SORT(.dtors.*))
 *(.dtors)
                0x9d00c490                . = ALIGN (0x4)

.rodata         0x9d00c490        0x0
 *(.gnu.linkonce.r.*)
 *(.rodata1)
                0x9d00c490                . = ALIGN (0x4)

.sdata2         0x9d00b000        0x0
 *(.sdata2 .sdata2.* .gnu.linkonce.s2.*)
                0x9d00b000                . = ALIGN (0x4)

.sbss2          0x9d00b000        0x0
 *(.sbss2 .sbss2.* .gnu.linkonce.sb2.*)
                0x9d00b000                . = ALIGN (0x4)

.eh_frame_hdr
 *(.eh_frame_hdr)
                0x9d00b000                . = ALIGN (0x4)

.eh_frame
 *(.eh_frame)
                0x9d00b000                . = ALIGN (0x4)

.gcc_except_table
 *(.gcc_except_table .gcc_except_table.*)
                0x9d00b000                . = ALIGN (0x4)

.dbg_data       0xa0000000        0x0
                0xa0000000                . = (. + DEFINED (_DEBUGGER)?0x200:0x0)

.jcr            0xa0000000        0x0
 *(.jcr)
                0xa0000000                . = ALIGN (0x4)

.eh_frame       0xa0000000       0x30
 *(.eh_frame)
 .eh_frame      0xa0000000       0x20 c:/program files (x86)/microchip/xc32/v1.32/bin/bin/../../lib/gcc/pic32mx/4.5.2\libgcc.a(_udivdi3.o)
 .eh_frame      0xa0000020       0x10 c:/program files (x86)/microchip/xc32/v1.32/bin/bin/../../lib/gcc/pic32mx/4.5.2\libgcc.a(_umoddi3.o)
                0xa0000030                . = ALIGN (0x4)

.gcc_except_table
 *(.gcc_except_table .gcc_except_table.*)
                0xa0000030                . = ALIGN (0x4)

.persist        0xa0000030        0x0
                0xa0000030                _persist_begin = .
 *(.persist .persist.*)
 *(.pbss .pbss.*)
                0xa0000030                . = ALIGN (0x4)
                0xa0000030                _persist_end = .

.data           0xa0000030        0x0
 *(.gnu.linkonce.d.*)
 *(.data1)
                0xa0000030                . = ALIGN (0x4)
                0xa0000030                . = .
                0xa0008020                _gp = (ALIGN (0x10) + 0x7ff0)

.got            0xa0000030        0x0
 *(.got.plt)
 *(.got)
                0xa0000030                . = ALIGN (0x4)

.sdata          0xa0000030       0x44
                0xa0000030                _sdata_begin = .
 *(.sdata .sdata.* .gnu.linkonce.s.*)
 .sdata         0xa0000030        0x4 build/default/production/_ext/780186554/scheduler.o
                0xa0000030                MainSystemTimebaseFlag
 .sdata         0xa0000034        0xc build/default/production/_ext/1899928523/DHCPs.o
                0xa0000038                bDHCPServerEnabled
 .sdata         0xa0000040        0x8 build/default/production/_ext/1899928523/DNS.o
 .sdata         0xa0000048        0x4 build/default/production/_ext/1899928523/Helpers.o
 .sdata         0xa000004c        0x2 build/default/production/_ext/1899928523/TCP.o
 .sdata         0xa000004e        0x2 build/default/production/_ext/1899928523/UDP.o
 .sdata         0xa0000050        0xc build/default/production/_ext/395789329/fsio.o
                0xa0000050                gLastFATSectorRead
                0xa0000054                gLastDataSectorRead
                0xa0000058                cwdptr
 .sdata         0xa000005c        0x4 build/default/production/_ext/395789329/usb_host_msd.o
 .sdata         0xa0000060        0x1 build/default/production/_ext/779311843/com_task.o
 *fill*         0xa0000061        0x3 
 .sdata         0xa0000064       0x10 build/default/production/_ext/779311843/mcp23008_task.o
                0xa0000074                . = ALIGN (0x4)
                0xa0000074                _sdata_end = .

.lit8
 *(.lit8)

.lit4
 *(.lit4)
                0xa0000074                . = ALIGN (0x4)
                0xa0000074                _data_end = .
                0xa0000074                _bss_begin = .

.sbss           0xa0000074      0x2bc
                0xa0000074                _sbss_begin = .
 *(.dynsbss)
 *(.sbss .sbss.* .gnu.linkonce.sb.*)
 .sbss          0xa0000074       0x10 build/default/production/_ext/1863216922/i2c_driver.o
 .sbss          0xa0000084        0xc build/default/production/_ext/1863216922/lcd_driver.o
 .sbss          0xa0000090        0x2 build/default/production/_ext/780186554/interrupts.o
 *fill*         0xa0000092        0x2 
 .sbss          0xa0000094        0x4 build/default/production/_ext/780186554/scheduler.o
                0xa0000094                SystemState
 .sbss          0xa0000098       0x1c build/default/production/_ext/1649800668/SD-SPI.o
 .sbss          0xa00000b4        0x8 build/default/production/_ext/1899928523/Announce.o
 .sbss          0xa00000bc        0x4 build/default/production/_ext/1899928523/ARP.o
 .sbss          0xa00000c0        0x4 build/default/production/_ext/1899928523/DHCP.o
                0xa00000c0                DHCPClientInitializedOnce
 .sbss          0xa00000c4        0xc build/default/production/_ext/1899928523/DHCPs.o
 .sbss          0xa00000d0       0x14 build/default/production/_ext/1899928523/DNS.o
 .sbss          0xa00000e4       0x40 build/default/production/_ext/1899928523/ETHPIC32IntMac.o
                0xa0000110                _stackMgrRxOkPkts
                0xa0000114                _stackMgrRxBadPkts
                0xa0000118                _stackMgrInGetHdr
                0xa000011c                _stackMgrRxDiscarded
                0xa0000120                _stackMgrTxNotReady
 .sbss          0xa0000124       0x10 build/default/production/_ext/1899928523/ICMP.o
 .sbss          0xa0000134        0x4 build/default/production/_ext/1899928523/IP.o
 .sbss          0xa0000138        0x8 build/default/production/_ext/1899928523/MPFS2.o
 .sbss          0xa0000140        0x8 build/default/production/_ext/1899928523/NBNS.o
 .sbss          0xa0000148        0xc build/default/production/_ext/1899928523/StackTsk.o
 *fill*         0xa0000154        0x4 
 .sbss          0xa0000158       0x10 build/default/production/_ext/1899928523/Tick.o
 .sbss          0xa0000168        0x8 build/default/production/_ext/1899928523/UDP.o
 .sbss          0xa0000170       0x14 build/default/production/_ext/395789329/fsio.o
                0xa0000170                gNeedFATWrite
                0xa0000174                gBufferOwner
                0xa0000178                gNeedDataWrite
                0xa0000179                nextClusterIsLast
                0xa000017a                gBufferZeroed
                0xa000017b                recache
                0xa000017c                utfModeFileName
                0xa0000180                twoByteMode
 .sbss          0xa0000184       0x28 build/default/production/_ext/395789329/usb_host.o
                0xa0000190                pCurrentConfigurationDescriptor
                0xa0000194                pDeviceDescriptor
 .sbss          0xa00001ac        0xc build/default/production/_ext/395789329/usb_host_msd_scsi.o
 .sbss          0xa00001b8       0x20 build/default/production/_ext/779311843/adc_task.o
                0xa00001b8                ActivateAdcTask
                0xa00001c0                DeactivateAdcTask
 .sbss          0xa00001d8       0x30 build/default/production/_ext/779311843/app_task.o
 .sbss          0xa0000208       0x18 build/default/production/_ext/779311843/com_task.o
                0xa0000208                ActivateComTask
                0xa0000210                DeactivateComTask
 .sbss          0xa0000220       0x14 build/default/production/_ext/779311843/led_task.o
                0xa0000220                Led2On
                0xa0000228                Led2Off
 .sbss          0xa0000234       0x2c build/default/production/_ext/779311843/mcp23008_task.o
                0xa0000234                ActivateMcp23008Task
                0xa000023c                DeactivateMcp23008Task
 .sbss          0xa0000260       0x18 build/default/production/_ext/779311843/tcpip_task.o
                0xa0000260                ActivateTcpIpTask
                0xa0000268                DeactivateTcpIpTask
 .sbss          0xa0000278       0x18 build/default/production/_ext/779311843/test_task.o
                0xa0000278                ADC_AdcResPerc
 .sbss          0xa0000290       0x20 build/default/production/_ext/779311843/usb_task.o
                0xa0000290                ActivateUsbTask
                0xa0000298                DeactivateUsbTask
 .sbss          0xa00002b0       0x20 c:/program files (x86)/microchip/xc32/v1.32/bin/bin/../../lib/gcc/pic32mx/4.5.2/../../../../pic32mx/lib\libmchp_peripheral_32MX795F512L.a(eth_descriptors_add_lib.o)
                0xa00002b0                _EthTxFreeList
                0xa00002b8                _EthTxBusyList
                0xa00002c0                _EthRxFreeList
                0xa00002c8                _EthRxBusyList
 .sbss          0xa00002d0       0x10 c:/program files (x86)/microchip/xc32/v1.32/bin/bin/../../lib/gcc/pic32mx/4.5.2/../../../../pic32mx/lib\libc.a(malloc.o)
                0xa00002d0                __allocp
                0xa00002d4                __alloct
                0xa00002d8                __allocx
 .sbss          0xa00002e0        0x8 c:/program files (x86)/microchip/xc32/v1.32/bin/bin/../../lib/gcc/pic32mx/4.5.2/../../../../pic32mx/lib\libpic32.a(sbrk.o)
                0xa00002e0                _minbrk
                0xa00002e4                _maxbrk
 .sbss          0xa00002e8        0x4 c:/program files (x86)/microchip/xc32/v1.32/bin/bin/../../lib/gcc/pic32mx/4.5.2/../../../../pic32mx/lib\libpic32.a(errno.o)
                0xa00002e8                errno
 *(.scommon)
 .scommon       0xa00002ec        0x4 build/default/production/_ext/1863216922/adc_driver.o
                0xa00002ec                Adc_InputConfig
 .scommon       0xa00002f0        0x8 build/default/production/_ext/1649800668/SD-SPI.o
                0xa00002f0                MDD_SDSPI_finalLBA
                0xa00002f4                gSDMode
                0xa00002f6                gMediaSectorSize
 .scommon       0xa00002f8        0x4 build/default/production/_ext/1899928523/ETHPIC32ExtPhy.o
                0xa00002f8                _PhyAdd
 .scommon       0xa00002fc        0x1 build/default/production/_ext/1899928523/HTTP2.o
                0xa00002fc                curHTTPID
 *fill*         0xa00002fd        0x1 
 .scommon       0xa00002fe        0x5 build/default/production/_ext/1899928523/UDP.o
                0xa00002fe                UDPRxCount
                0xa0000300                UDPTxCount
                0xa0000302                activeUDPSocket
 *fill*         0xa0000303        0x1 
 .scommon       0xa0000304       0x28 build/default/production/_ext/395789329/fsio.o
                0xa0000304                fileNameLength
                0xa0000306                gTimeCrtMS
                0xa0000308                asciiFilename
                0xa000030c                gFileSlotOpen
                0xa0000310                utf16Filename
                0xa0000314                TempClusterCalc
                0xa0000318                FatRootDirClusterValue
                0xa000031c                gTimeCrtTime
                0xa000031e                dirCleared
                0xa0000320                recordSearchLength
                0xa0000322                gTimeWrtTime
                0xa0000324                gTimeAccDate
                0xa0000326                gTimeWrtDate
                0xa0000328                FSerrno
                0xa000032a                gTimeCrtDate
 .scommon       0xa000032c        0x2 build/default/production/_ext/395789329/usb_host.o
                0xa000032c                usbOverrideHostState
 .scommon       0xa000032e        0x1 build/default/production/_ext/779311843/usb_task.o
                0xa000032e                WriteState
                0xa000032f                _sbss_end = .
                0xa0000330                . = ALIGN (0x4)
 *fill*         0xa000032f        0x1 

.bss            0xa0000330     0x1664
 *(.dynbss)
 *(COMMON)
 COMMON         0xa0000330       0x2c build/default/production/_ext/1863216922/adc_driver.o
                0xa0000330                Adc_PortConfig
                0xa0000340                Adc_AdcConfig
                0xa000034c                Adc_AutoscanConfig
 COMMON         0xa000035c       0x14 build/default/production/_ext/1863216922/uart_driver.o
                0xa000035c                Uart_UartConfig
 COMMON         0xa0000370       0x78 build/default/production/_ext/1899928523/DHCPs.o
                0xa0000370                DhcpIpPool
 COMMON         0xa00003e8       0x98 build/default/production/_ext/1899928523/HTTP2.o
                0xa00003e8                curHTTP
                0xa0000470                httpStubs
 COMMON         0xa0000480        0xa build/default/production/_ext/1899928523/StackTsk.o
                0xa0000480                remoteNode
 *fill*         0xa000048a        0x2 
 COMMON         0xa000048c       0xe0 build/default/production/_ext/1899928523/UDP.o
                0xa000048c                UDPSocketInfo
 COMMON         0xa000056c     0x13f2 build/default/production/_ext/395789329/fsio.o
                0xa000056c                gDataBuffer
                0xa000076c                tempCWDobj
                0xa00007b0                fileFoundString
                0xa00009bc                gFATBuffer
                0xa0000bbc                lfnData
                0xa00011c4                gDiskData
                0xa00011ec                cwd
                0xa0001230                gFileArray
                0xa00012fc                recordSearchName
                0xa0001500                defaultArray
                0xa000150c                gFileTemp
                0xa0001550                recordFoundName
                0xa0001754                tempDirectoryString
 *fill*         0xa000195e        0x2 
 COMMON         0xa0001960       0x33 build/default/production/_ext/779311843/tcpip_task.o
                0xa0001960                AppConfig
                0xa0001994                . = ALIGN ((. != 0x0)?0x4:0x1)
 *fill*         0xa0001993        0x1 
                0xa0001994                . = ALIGN (0x4)
                0xa0001994                _end = .
                0xa0001994                _bss_end = .
                0x00020000                _bmxdudba_address = 0x20000
                0x00020000                _bmxdupba_address = 0x20000

/DISCARD/
 *(.pdr)
 *(.rel.dyn)
 *(.note.GNU-stack)
 *(.note.GNU-stack)
 *(.gnu_debuglink)
 *(.gnu.lto_*)
 *(.discard)
 *(._debug_exception)

.gptab.sdata
 *(.gptab.data)
 *(.gptab.sdata)

.gptab.sbss
 *(.gptab.bss)
 *(.gptab.sbss)

.mdebug.abi32   0xa0001994        0x0
 *(.mdebug.abi32)
 .mdebug.abi32  0xa0001994        0x0 build/default/production/_ext/1614233714/system_init.o
 .mdebug.abi32  0xa0001994        0x0 build/default/production/_ext/1863216922/adc_driver.o
 .mdebug.abi32  0xa0001994        0x0 build/default/production/_ext/1863216922/i2c_driver.o
 .mdebug.abi32  0xa0001994        0x0 build/default/production/_ext/1863216922/joystick_driver.o
 .mdebug.abi32  0xa0001994        0x0 build/default/production/_ext/1863216922/lcd_driver.o
 .mdebug.abi32  0xa0001994        0x0 build/default/production/_ext/1863216922/led_driver.o
 .mdebug.abi32  0xa0001994        0x0 build/default/production/_ext/1863216922/uart_driver.o
 .mdebug.abi32  0xa0001994        0x0 build/default/production/_ext/1498672714/main.o
 .mdebug.abi32  0xa0001994        0x0 build/default/production/_ext/780186554/interrupts.o
 .mdebug.abi32  0xa0001994        0x0 build/default/production/_ext/780186554/scheduler.o
 .mdebug.abi32  0xa0001994        0x0 build/default/production/_ext/1649800668/SD-SPI.o
 .mdebug.abi32  0xa0001994        0x0 build/default/production/_ext/1899928523/Announce.o
 .mdebug.abi32  0xa0001994        0x0 build/default/production/_ext/1899928523/ARCFOUR.o
 .mdebug.abi32  0xa0001994        0x0 build/default/production/_ext/1899928523/ARP.o
 .mdebug.abi32  0xa0001994        0x0 build/default/production/_ext/1899928523/AutoIP.o
 .mdebug.abi32  0xa0001994        0x0 build/default/production/_ext/1899928523/BerkeleyAPI.o
 .mdebug.abi32  0xa0001994        0x0 build/default/production/_ext/1899928523/BigInt.o
 .mdebug.abi32  0xa0001994        0x0 build/default/production/_ext/1899928523/Delay.o
 .mdebug.abi32  0xa0001994        0x0 build/default/production/_ext/1899928523/DHCP.o
 .mdebug.abi32  0xa0001994        0x0 build/default/production/_ext/1899928523/DHCPs.o
 .mdebug.abi32  0xa0001994        0x0 build/default/production/_ext/1899928523/DNS.o
 .mdebug.abi32  0xa0001994        0x0 build/default/production/_ext/1899928523/DNSs.o
 .mdebug.abi32  0xa0001994        0x0 build/default/production/_ext/1899928523/DynDNS.o
 .mdebug.abi32  0xa0001994        0x0 build/default/production/_ext/1899928523/ENC28J60.o
 .mdebug.abi32  0xa0001994        0x0 build/default/production/_ext/1899928523/ENCX24J600.o
 .mdebug.abi32  0xa0001994        0x0 build/default/production/_ext/1899928523/ETH97J60.o
 .mdebug.abi32  0xa0001994        0x0 build/default/production/_ext/1899928523/ETHPIC32ExtPhy.o
 .mdebug.abi32  0xa0001994        0x0 build/default/production/_ext/1899928523/ETHPIC32ExtPhyDP83848.o
 .mdebug.abi32  0xa0001994        0x0 build/default/production/_ext/1899928523/ETHPIC32IntMac.o
 .mdebug.abi32  0xa0001994        0x0 build/default/production/_ext/1899928523/FileSystem.o
 .mdebug.abi32  0xa0001994        0x0 build/default/production/_ext/1899928523/FTP.o
 .mdebug.abi32  0xa0001994        0x0 build/default/production/_ext/1899928523/Hashes.o
 .mdebug.abi32  0xa0001994        0x0 build/default/production/_ext/1899928523/Helpers.o
 .mdebug.abi32  0xa0001994        0x0 build/default/production/_ext/1899928523/HTTP2.o
 .mdebug.abi32  0xa0001994        0x0 build/default/production/_ext/1899928523/ICMP.o
 .mdebug.abi32  0xa0001994        0x0 build/default/production/_ext/1899928523/IP.o
 .mdebug.abi32  0xa0001994        0x0 build/default/production/_ext/1899928523/LCDBlocking.o
 .mdebug.abi32  0xa0001994        0x0 build/default/production/_ext/1899928523/MPFS2.o
 .mdebug.abi32  0xa0001994        0x0 build/default/production/_ext/1899928523/MPFSImg2.o
 .mdebug.abi32  0xa0001994        0x0 build/default/production/_ext/1899928523/NBNS.o
 .mdebug.abi32  0xa0001994        0x0 build/default/production/_ext/1899928523/Random.o
 .mdebug.abi32  0xa0001994        0x0 build/default/production/_ext/1899928523/Reboot.o
 .mdebug.abi32  0xa0001994        0x0 build/default/production/_ext/1899928523/RSA.o
 .mdebug.abi32  0xa0001994        0x0 build/default/production/_ext/1899928523/SMTP.o
 .mdebug.abi32  0xa0001994        0x0 build/default/production/_ext/1899928523/SNMP.o
 .mdebug.abi32  0xa0001994        0x0 build/default/production/_ext/1899928523/SNMPv3.o
 .mdebug.abi32  0xa0001994        0x0 build/default/production/_ext/1899928523/SNMPv3USM.o
 .mdebug.abi32  0xa0001994        0x0 build/default/production/_ext/1899928523/SNTP.o
 .mdebug.abi32  0xa0001994        0x0 build/default/production/_ext/1899928523/SPIEEPROM.o
 .mdebug.abi32  0xa0001994        0x0 build/default/production/_ext/1899928523/SPIFlash.o
 .mdebug.abi32  0xa0001994        0x0 build/default/production/_ext/1899928523/SPIRAM.o
 .mdebug.abi32  0xa0001994        0x0 build/default/production/_ext/1899928523/SSL.o
 .mdebug.abi32  0xa0001994        0x0 build/default/production/_ext/1899928523/StackTsk.o
 .mdebug.abi32  0xa0001994        0x0 build/default/production/_ext/1899928523/TCP.o
 .mdebug.abi32  0xa0001994        0x0 build/default/production/_ext/1899928523/TCPPerformanceTest.o
 .mdebug.abi32  0xa0001994        0x0 build/default/production/_ext/1899928523/Telnet.o
 .mdebug.abi32  0xa0001994        0x0 build/default/production/_ext/1899928523/TFTPc.o
 .mdebug.abi32  0xa0001994        0x0 build/default/production/_ext/1899928523/Tick.o
 .mdebug.abi32  0xa0001994        0x0 build/default/production/_ext/1899928523/UART.o
 .mdebug.abi32  0xa0001994        0x0 build/default/production/_ext/1899928523/UART2TCPBridge.o
 .mdebug.abi32  0xa0001994        0x0 build/default/production/_ext/1899928523/UDP.o
 .mdebug.abi32  0xa0001994        0x0 build/default/production/_ext/1899928523/UDPPerformanceTest.o
 .mdebug.abi32  0xa0001994        0x0 build/default/production/_ext/1899928523/ZeroconfHelper.o
 .mdebug.abi32  0xa0001994        0x0 build/default/production/_ext/1899928523/ZeroconfLinkLocal.o
 .mdebug.abi32  0xa0001994        0x0 build/default/production/_ext/1899928523/ZeroconfMulticastDNS.o
 .mdebug.abi32  0xa0001994        0x0 build/default/production/_ext/395789329/fsio.o
 .mdebug.abi32  0xa0001994        0x0 build/default/production/_ext/395789329/usb_config.o
 .mdebug.abi32  0xa0001994        0x0 build/default/production/_ext/395789329/usb_host.o
 .mdebug.abi32  0xa0001994        0x0 build/default/production/_ext/395789329/usb_host_msd.o
 .mdebug.abi32  0xa0001994        0x0 build/default/production/_ext/395789329/usb_host_msd_scsi.o
 .mdebug.abi32  0xa0001994        0x0 build/default/production/_ext/779311843/adc_task.o
 .mdebug.abi32  0xa0001994        0x0 build/default/production/_ext/779311843/app_task.o
 .mdebug.abi32  0xa0001994        0x0 build/default/production/_ext/779311843/com_task.o
 .mdebug.abi32  0xa0001994        0x0 build/default/production/_ext/779311843/led_task.o
 .mdebug.abi32  0xa0001994        0x0 build/default/production/_ext/779311843/mcp23008_task.o
 .mdebug.abi32  0xa0001994        0x0 build/default/production/_ext/779311843/tcpip_task.o
 .mdebug.abi32  0xa0001994        0x0 build/default/production/_ext/779311843/test_task.o
 .mdebug.abi32  0xa0001994        0x0 build/default/production/_ext/779311843/usb_task.o
 .mdebug.abi32  0xa0001994        0x0 c:/program files (x86)/microchip/xc32/v1.32/bin/bin/../../lib/gcc/pic32mx/4.5.2/../../../../pic32mx/lib\libmchp_peripheral.a(read_core_timer_lib.o)
 .mdebug.abi32  0xa0001994        0x0 c:/program files (x86)/microchip/xc32/v1.32/bin/bin/../../lib/gcc/pic32mx/4.5.2/../../../../pic32mx/lib\libmchp_peripheral_32MX795F512L.a(eth_ack_packet_lib.o)
 .mdebug.abi32  0xa0001994        0x0 c:/program files (x86)/microchip/xc32/v1.32/bin/bin/../../lib/gcc/pic32mx/4.5.2/../../../../pic32mx/lib\libmchp_peripheral_32MX795F512L.a(eth_descriptors_add_lib.o)
 .mdebug.abi32  0xa0001994        0x0 c:/program files (x86)/microchip/xc32/v1.32/bin/bin/../../lib/gcc/pic32mx/4.5.2/../../../../pic32mx/lib\libmchp_peripheral_32MX795F512L.a(eth_init_lib.o)
 .mdebug.abi32  0xa0001994        0x0 c:/program files (x86)/microchip/xc32/v1.32/bin/bin/../../lib/gcc/pic32mx/4.5.2/../../../../pic32mx/lib\libmchp_peripheral_32MX795F512L.a(eth_mac_open_lib.o)
 .mdebug.abi32  0xa0001994        0x0 c:/program files (x86)/microchip/xc32/v1.32/bin/bin/../../lib/gcc/pic32mx/4.5.2/../../../../pic32mx/lib\libmchp_peripheral_32MX795F512L.a(eth_mac_set_address_max_lib.o)
 .mdebug.abi32  0xa0001994        0x0 c:/program files (x86)/microchip/xc32/v1.32/bin/bin/../../lib/gcc/pic32mx/4.5.2/../../../../pic32mx/lib\libmchp_peripheral_32MX795F512L.a(eth_rx_buffers_append_lib.o)
 .mdebug.abi32  0xa0001994        0x0 c:/program files (x86)/microchip/xc32/v1.32/bin/bin/../../lib/gcc/pic32mx/4.5.2/../../../../pic32mx/lib\libmchp_peripheral_32MX795F512L.a(eth_rx_filters_lib.o)
 .mdebug.abi32  0xa0001994        0x0 c:/program files (x86)/microchip/xc32/v1.32/bin/bin/../../lib/gcc/pic32mx/4.5.2/../../../../pic32mx/lib\libmchp_peripheral_32MX795F512L.a(eth_rx_get_packet_lib.o)
 .mdebug.abi32  0xa0001994        0x0 c:/program files (x86)/microchip/xc32/v1.32/bin/bin/../../lib/gcc/pic32mx/4.5.2/../../../../pic32mx/lib\libmchp_peripheral_32MX795F512L.a(eth_rx_set_buffer_size_lib.o)
 .mdebug.abi32  0xa0001994        0x0 c:/program files (x86)/microchip/xc32/v1.32/bin/bin/../../lib/gcc/pic32mx/4.5.2/../../../../pic32mx/lib\libmchp_peripheral_32MX795F512L.a(eth_tx_packet_lib.o)
 .mdebug.abi32  0xa0001994        0x0 c:/program files (x86)/microchip/xc32/v1.32/bin/bin/../../lib/gcc/pic32mx/4.5.2/../../../../pic32mx/lib\libmchp_peripheral_32MX795F512L.a(_eth_append_busy_list_lib.o)
 .mdebug.abi32  0xa0001994        0x0 c:/program files (x86)/microchip/xc32/v1.32/bin/bin/../../lib/gcc/pic32mx/4.5.2/../../../../pic32mx/lib\libmchp_peripheral_32MX795F512L.a(eth_miim_access.o)
 .mdebug.abi32  0xa0001994        0x0 c:/program files (x86)/microchip/xc32/v1.32/bin/bin/../../lib/gcc/pic32mx/4.5.2/../../../../pic32mx/lib\libmchp_peripheral_32MX795F512L.a(pcache.o)
 .mdebug.abi32  0xa0001994        0x0 c:/program files (x86)/microchip/xc32/v1.32/bin/bin/../../lib/gcc/pic32mx/4.5.2/../../../../pic32mx/lib\libmchp_peripheral_32MX795F512L.a(int_disable_interrupts_lib.o)
 .mdebug.abi32  0xa0001994        0x0 c:/program files (x86)/microchip/xc32/v1.32/bin/bin/../../lib/gcc/pic32mx/4.5.2/../../../../pic32mx/lib\libmchp_peripheral_32MX795F512L.a(int_restore_interrupts_lib.o)
 .mdebug.abi32  0xa0001994        0x0 c:/program files (x86)/microchip/xc32/v1.32/bin/bin/../../lib/gcc/pic32mx/4.5.2/../../../../pic32mx/lib\libmchp_peripheral_32MX795F512L.a(int_enable_mv_int_lib.o)
 .mdebug.abi32  0xa0001994        0x0 c:/program files (x86)/microchip/xc32/v1.32/bin/bin/../../lib/gcc/pic32mx/4.5.2/../../../../pic32mx/lib\libmchp_peripheral_32MX795F512L.a(int_tbl_lib.o)
 .mdebug.abi32  0xa0001994        0x0 c:/program files (x86)/microchip/xc32/v1.32/bin/bin/../../lib/gcc/pic32mx/4.5.2/../../../../pic32mx/lib\libmchp_peripheral_32MX795F512L.a(spi_getc_spi1_lib_legacy.o)
 .mdebug.abi32  0xa0001994        0x0 c:/program files (x86)/microchip/xc32/v1.32/bin/bin/../../lib/gcc/pic32mx/4.5.2/../../../../pic32mx/lib\libmchp_peripheral_32MX795F512L.a(spi_open_spi1_lib_legacy.o)
 .mdebug.abi32  0xa0001994        0x0 c:/program files (x86)/microchip/xc32/v1.32/bin/bin/../../lib/gcc/pic32mx/4.5.2/../../../../pic32mx/lib\libmchp_peripheral_32MX795F512L.a(spi_brg_tbl_lib_legacy.o)
 .mdebug.abi32  0xa0001994        0x0 c:/program files (x86)/microchip/xc32/v1.32/bin/bin/../../lib/gcc/pic32mx/4.5.2/../../../../pic32mx/lib\libmchp_peripheral_32MX795F512L.a(port_set_pins_digital_in_lib.o)
 .mdebug.abi32  0xa0001994        0x0 c:/program files (x86)/microchip/xc32/v1.32/bin/bin/../../lib/gcc/pic32mx/4.5.2/../../../../pic32mx/lib\libmchp_peripheral_32MX795F512L.a(port_set_pins_digital_out_lib.o)
 .mdebug.abi32  0xa0001994        0x0 c:/program files (x86)/microchip/xc32/v1.32/bin/bin/../../lib/gcc/pic32mx/4.5.2/../../../../pic32mx/lib\libmchp_peripheral_32MX795F512L.a(_ports_tbl_libp.o)
 .mdebug.abi32  0xa0001994        0x0 c:/program files (x86)/microchip/xc32/v1.32/bin/bin/../../lib/gcc/pic32mx/4.5.2/../../../../pic32mx/lib\libmchp_peripheral_32MX795F512L.a(int_enable_interrupts_lib.o)
 .mdebug.abi32  0xa0001994        0x0 c:/program files (x86)/microchip/xc32/v1.32/bin/bin/../../lib/gcc/pic32mx/4.5.2\libgcc.a(_udivdi3.o)
 .mdebug.abi32  0xa0001994        0x0 c:/program files (x86)/microchip/xc32/v1.32/bin/bin/../../lib/gcc/pic32mx/4.5.2\libgcc.a(_umoddi3.o)
 .mdebug.abi32  0xa0001994        0x0 c:/program files (x86)/microchip/xc32/v1.32/bin/bin/../../lib/gcc/pic32mx/4.5.2\libgcc.a(floatunsisf.o)
 .mdebug.abi32  0xa0001994        0x0 c:/program files (x86)/microchip/xc32/v1.32/bin/bin/../../lib/gcc/pic32mx/4.5.2/../../../../pic32mx/lib\libpic32.a(default-bootstrap-exception-handler.o)
 .mdebug.abi32  0xa0001994        0x0 c:/program files (x86)/microchip/xc32/v1.32/bin/bin/../../lib/gcc/pic32mx/4.5.2/../../../../pic32mx/lib\libpic32.a(default-on-reset.o)
 .mdebug.abi32  0xa0001994        0x0 c:/program files (x86)/microchip/xc32/v1.32/bin/bin/../../lib/gcc/pic32mx/4.5.2/../../../../pic32mx/lib\libpic32.a(default-on-bootstrap.o)
 .mdebug.abi32  0xa0001994        0x0 c:/program files (x86)/microchip/xc32/v1.32/bin/bin/../../lib/gcc/pic32mx/4.5.2/../../../../pic32mx/lib\libpic32.a(default-general-exception-handler.o)
 .mdebug.abi32  0xa0001994        0x0 c:/program files (x86)/microchip/xc32/v1.32/bin/bin/../../lib/gcc/pic32mx/4.5.2/../../../../pic32mx/lib\libpic32.a(defaultinterrupt.o)
 .mdebug.abi32  0xa0001994        0x0 c:/program files (x86)/microchip/xc32/v1.32/bin/bin/../../lib/gcc/pic32mx/4.5.2/../../../../pic32mx/lib\libc.a(calloc.o)
 .mdebug.abi32  0xa0001994        0x0 c:/program files (x86)/microchip/xc32/v1.32/bin/bin/../../lib/gcc/pic32mx/4.5.2/../../../../pic32mx/lib\libc.a(ctypef.o)
 .mdebug.abi32  0xa0001994        0x0 c:/program files (x86)/microchip/xc32/v1.32/bin/bin/../../lib/gcc/pic32mx/4.5.2/../../../../pic32mx/lib\libc.a(itoa.o)
 .mdebug.abi32  0xa0001994        0x0 c:/program files (x86)/microchip/xc32/v1.32/bin/bin/../../lib/gcc/pic32mx/4.5.2/../../../../pic32mx/lib\libc.a(ltoa.o)
 .mdebug.abi32  0xa0001994        0x0 c:/program files (x86)/microchip/xc32/v1.32/bin/bin/../../lib/gcc/pic32mx/4.5.2/../../../../pic32mx/lib\libc.a(malloc.o)
 .mdebug.abi32  0xa0001994        0x0 c:/program files (x86)/microchip/xc32/v1.32/bin/bin/../../lib/gcc/pic32mx/4.5.2/../../../../pic32mx/lib\libc.a(strncpy.o)
 .mdebug.abi32  0xa0001994        0x0 c:/program files (x86)/microchip/xc32/v1.32/bin/bin/../../lib/gcc/pic32mx/4.5.2/../../../../pic32mx/lib\libc.a(ctype.o)
 .mdebug.abi32  0xa0001994        0x0 c:/program files (x86)/microchip/xc32/v1.32/bin/bin/../../lib/gcc/pic32mx/4.5.2/../../../../pic32mx/lib\libpic32.a(sbrk.o)
 .mdebug.abi32  0xa0001994        0x0 c:/program files (x86)/microchip/xc32/v1.32/bin/bin/../../lib/gcc/pic32mx/4.5.2/../../../../pic32mx/lib\libpic32.a(errno.o)

.mdebug.abiN32
 *(.mdebug.abiN32)

.mdebug.abi64
 *(.mdebug.abi64)

.mdebug.abiO64
 *(.mdebug.abiO64)

.mdebug.eabi32
 *(.mdebug.eabi32)

.mdebug.eabi64
 *(.mdebug.eabi64)

.gcc_compiled_long32
 *(.gcc_compiled_long32)

.gcc_compiled_long64
 *(.gcc_compiled_long64)

.stab
 *(.stab)

.stabstr
 *(.stabstr)

.stab.excl
 *(.stab.excl)

.stab.exclstr
 *(.stab.exclstr)

.stab.index
 *(.stab.index)

.stab.indexstr
 *(.stab.indexstr)

.comment        0x00000000      0x217
 *(.comment)
 .comment       0x00000000       0x3c build/default/production/_ext/1614233714/system_init.o
                                 0x3d (size before relaxing)
 .comment       0x00000000       0x3d build/default/production/_ext/1863216922/adc_driver.o
 .comment       0x00000000       0x3d build/default/production/_ext/1863216922/i2c_driver.o
 .comment       0x00000000       0x3d build/default/production/_ext/1863216922/joystick_driver.o
 .comment       0x00000000       0x3d build/default/production/_ext/1863216922/lcd_driver.o
 .comment       0x00000000       0x3d build/default/production/_ext/1863216922/led_driver.o
 .comment       0x00000000       0x3d build/default/production/_ext/1863216922/uart_driver.o
 .comment       0x00000000       0x3d build/default/production/_ext/1498672714/main.o
 .comment       0x00000000       0x3d build/default/production/_ext/780186554/interrupts.o
 .comment       0x00000000       0x3d build/default/production/_ext/780186554/scheduler.o
 .comment       0x00000000       0x3d build/default/production/_ext/1649800668/SD-SPI.o
 .comment       0x00000000       0x3d build/default/production/_ext/1899928523/Announce.o
 .comment       0x00000000       0x3d build/default/production/_ext/1899928523/ARCFOUR.o
 .comment       0x00000000       0x3d build/default/production/_ext/1899928523/ARP.o
 .comment       0x00000000       0x3d build/default/production/_ext/1899928523/AutoIP.o
 .comment       0x00000000       0x3d build/default/production/_ext/1899928523/BerkeleyAPI.o
 .comment       0x00000000       0x3d build/default/production/_ext/1899928523/BigInt.o
 .comment       0x00000000       0x3d build/default/production/_ext/1899928523/Delay.o
 .comment       0x00000000       0x3d build/default/production/_ext/1899928523/DHCP.o
 .comment       0x00000000       0x3d build/default/production/_ext/1899928523/DHCPs.o
 .comment       0x00000000       0x3d build/default/production/_ext/1899928523/DNS.o
 .comment       0x00000000       0x3d build/default/production/_ext/1899928523/DNSs.o
 .comment       0x00000000       0x3d build/default/production/_ext/1899928523/DynDNS.o
 .comment       0x00000000       0x3d build/default/production/_ext/1899928523/ENC28J60.o
 .comment       0x00000000       0x3d build/default/production/_ext/1899928523/ENCX24J600.o
 .comment       0x00000000       0x3d build/default/production/_ext/1899928523/ETH97J60.o
 .comment       0x00000000       0x3d build/default/production/_ext/1899928523/ETHPIC32ExtPhy.o
 .comment       0x00000000       0x3d build/default/production/_ext/1899928523/ETHPIC32ExtPhyDP83848.o
 .comment       0x00000000       0x3d build/default/production/_ext/1899928523/ETHPIC32IntMac.o
 .comment       0x00000000       0x3d build/default/production/_ext/1899928523/FileSystem.o
 .comment       0x00000000       0x3d build/default/production/_ext/1899928523/FTP.o
 .comment       0x00000000       0x3d build/default/production/_ext/1899928523/Hashes.o
 .comment       0x00000000       0x3d build/default/production/_ext/1899928523/Helpers.o
 .comment       0x00000000       0x3d build/default/production/_ext/1899928523/HTTP2.o
 .comment       0x00000000       0x3d build/default/production/_ext/1899928523/ICMP.o
 .comment       0x00000000       0x3d build/default/production/_ext/1899928523/IP.o
 .comment       0x00000000       0x3d build/default/production/_ext/1899928523/LCDBlocking.o
 .comment       0x00000000       0x3d build/default/production/_ext/1899928523/MPFS2.o
 .comment       0x00000000       0x3d build/default/production/_ext/1899928523/MPFSImg2.o
 .comment       0x00000000       0x3d build/default/production/_ext/1899928523/NBNS.o
 .comment       0x00000000       0x3d build/default/production/_ext/1899928523/Random.o
 .comment       0x00000000       0x3d build/default/production/_ext/1899928523/Reboot.o
 .comment       0x00000000       0x3d build/default/production/_ext/1899928523/RSA.o
 .comment       0x00000000       0x3d build/default/production/_ext/1899928523/SMTP.o
 .comment       0x00000000       0x3d build/default/production/_ext/1899928523/SNMP.o
 .comment       0x00000000       0x3d build/default/production/_ext/1899928523/SNMPv3.o
 .comment       0x00000000       0x3d build/default/production/_ext/1899928523/SNMPv3USM.o
 .comment       0x00000000       0x3d build/default/production/_ext/1899928523/SNTP.o
 .comment       0x00000000       0x3d build/default/production/_ext/1899928523/SPIEEPROM.o
 .comment       0x00000000       0x3d build/default/production/_ext/1899928523/SPIFlash.o
 .comment       0x00000000       0x3d build/default/production/_ext/1899928523/SPIRAM.o
 .comment       0x00000000       0x3d build/default/production/_ext/1899928523/SSL.o
 .comment       0x00000000       0x3d build/default/production/_ext/1899928523/StackTsk.o
 .comment       0x00000000       0x3d build/default/production/_ext/1899928523/TCP.o
 .comment       0x00000000       0x3d build/default/production/_ext/1899928523/TCPPerformanceTest.o
 .comment       0x00000000       0x3d build/default/production/_ext/1899928523/Telnet.o
 .comment       0x00000000       0x3d build/default/production/_ext/1899928523/TFTPc.o
 .comment       0x00000000       0x3d build/default/production/_ext/1899928523/Tick.o
 .comment       0x00000000       0x3d build/default/production/_ext/1899928523/UART.o
 .comment       0x00000000       0x3d build/default/production/_ext/1899928523/UART2TCPBridge.o
 .comment       0x00000000       0x3d build/default/production/_ext/1899928523/UDP.o
 .comment       0x00000000       0x3d build/default/production/_ext/1899928523/UDPPerformanceTest.o
 .comment       0x00000000       0x3d build/default/production/_ext/1899928523/ZeroconfHelper.o
 .comment       0x00000000       0x3d build/default/production/_ext/1899928523/ZeroconfLinkLocal.o
 .comment       0x00000000       0x3d build/default/production/_ext/1899928523/ZeroconfMulticastDNS.o
 .comment       0x00000000       0x3d build/default/production/_ext/395789329/fsio.o
 .comment       0x00000000       0x3d build/default/production/_ext/395789329/usb_config.o
 .comment       0x00000000       0x3d build/default/production/_ext/395789329/usb_host.o
 .comment       0x00000000       0x3d build/default/production/_ext/395789329/usb_host_msd.o
 .comment       0x00000000       0x3d build/default/production/_ext/395789329/usb_host_msd_scsi.o
 .comment       0x00000000       0x3d build/default/production/_ext/779311843/adc_task.o
 .comment       0x00000000       0x3d build/default/production/_ext/779311843/app_task.o
 .comment       0x00000000       0x3d build/default/production/_ext/779311843/com_task.o
 .comment       0x00000000       0x3d build/default/production/_ext/779311843/led_task.o
 .comment       0x00000000       0x3d build/default/production/_ext/779311843/mcp23008_task.o
 .comment       0x00000000       0x3d build/default/production/_ext/779311843/tcpip_task.o
 .comment       0x00000000       0x3d build/default/production/_ext/779311843/test_task.o
 .comment       0x00000000       0x3d build/default/production/_ext/779311843/usb_task.o
 .comment       0x0000003c       0x3c c:/program files (x86)/microchip/xc32/v1.32/bin/bin/../../lib/gcc/pic32mx/4.5.2/../../../../pic32mx/lib\libmchp_peripheral.a(read_core_timer_lib.o)
                                 0x3d (size before relaxing)
 .comment       0x00000000       0x3d c:/program files (x86)/microchip/xc32/v1.32/bin/bin/../../lib/gcc/pic32mx/4.5.2/../../../../pic32mx/lib\libmchp_peripheral_32MX795F512L.a(eth_ack_packet_lib.o)
 .comment       0x00000000       0x3d c:/program files (x86)/microchip/xc32/v1.32/bin/bin/../../lib/gcc/pic32mx/4.5.2/../../../../pic32mx/lib\libmchp_peripheral_32MX795F512L.a(eth_descriptors_add_lib.o)
 .comment       0x00000000       0x3d c:/program files (x86)/microchip/xc32/v1.32/bin/bin/../../lib/gcc/pic32mx/4.5.2/../../../../pic32mx/lib\libmchp_peripheral_32MX795F512L.a(eth_init_lib.o)
 .comment       0x00000000       0x3d c:/program files (x86)/microchip/xc32/v1.32/bin/bin/../../lib/gcc/pic32mx/4.5.2/../../../../pic32mx/lib\libmchp_peripheral_32MX795F512L.a(eth_mac_open_lib.o)
 .comment       0x00000000       0x3d c:/program files (x86)/microchip/xc32/v1.32/bin/bin/../../lib/gcc/pic32mx/4.5.2/../../../../pic32mx/lib\libmchp_peripheral_32MX795F512L.a(eth_mac_set_address_max_lib.o)
 .comment       0x00000000       0x3d c:/program files (x86)/microchip/xc32/v1.32/bin/bin/../../lib/gcc/pic32mx/4.5.2/../../../../pic32mx/lib\libmchp_peripheral_32MX795F512L.a(eth_rx_buffers_append_lib.o)
 .comment       0x00000000       0x3d c:/program files (x86)/microchip/xc32/v1.32/bin/bin/../../lib/gcc/pic32mx/4.5.2/../../../../pic32mx/lib\libmchp_peripheral_32MX795F512L.a(eth_rx_filters_lib.o)
 .comment       0x00000000       0x3d c:/program files (x86)/microchip/xc32/v1.32/bin/bin/../../lib/gcc/pic32mx/4.5.2/../../../../pic32mx/lib\libmchp_peripheral_32MX795F512L.a(eth_rx_get_packet_lib.o)
 .comment       0x00000000       0x3d c:/program files (x86)/microchip/xc32/v1.32/bin/bin/../../lib/gcc/pic32mx/4.5.2/../../../../pic32mx/lib\libmchp_peripheral_32MX795F512L.a(eth_rx_set_buffer_size_lib.o)
 .comment       0x00000000       0x3d c:/program files (x86)/microchip/xc32/v1.32/bin/bin/../../lib/gcc/pic32mx/4.5.2/../../../../pic32mx/lib\libmchp_peripheral_32MX795F512L.a(eth_tx_packet_lib.o)
 .comment       0x00000000       0x3d c:/program files (x86)/microchip/xc32/v1.32/bin/bin/../../lib/gcc/pic32mx/4.5.2/../../../../pic32mx/lib\libmchp_peripheral_32MX795F512L.a(_eth_append_busy_list_lib.o)
 .comment       0x00000000       0x3d c:/program files (x86)/microchip/xc32/v1.32/bin/bin/../../lib/gcc/pic32mx/4.5.2/../../../../pic32mx/lib\libmchp_peripheral_32MX795F512L.a(eth_miim_access.o)
 .comment       0x00000000       0x3d c:/program files (x86)/microchip/xc32/v1.32/bin/bin/../../lib/gcc/pic32mx/4.5.2/../../../../pic32mx/lib\libmchp_peripheral_32MX795F512L.a(pcache.o)
 .comment       0x00000000       0x3d c:/program files (x86)/microchip/xc32/v1.32/bin/bin/../../lib/gcc/pic32mx/4.5.2/../../../../pic32mx/lib\libmchp_peripheral_32MX795F512L.a(int_disable_interrupts_lib.o)
 .comment       0x00000000       0x3d c:/program files (x86)/microchip/xc32/v1.32/bin/bin/../../lib/gcc/pic32mx/4.5.2/../../../../pic32mx/lib\libmchp_peripheral_32MX795F512L.a(int_restore_interrupts_lib.o)
 .comment       0x00000000       0x3d c:/program files (x86)/microchip/xc32/v1.32/bin/bin/../../lib/gcc/pic32mx/4.5.2/../../../../pic32mx/lib\libmchp_peripheral_32MX795F512L.a(int_enable_mv_int_lib.o)
 .comment       0x00000000       0x3d c:/program files (x86)/microchip/xc32/v1.32/bin/bin/../../lib/gcc/pic32mx/4.5.2/../../../../pic32mx/lib\libmchp_peripheral_32MX795F512L.a(int_tbl_lib.o)
 .comment       0x00000000       0x3d c:/program files (x86)/microchip/xc32/v1.32/bin/bin/../../lib/gcc/pic32mx/4.5.2/../../../../pic32mx/lib\libmchp_peripheral_32MX795F512L.a(spi_getc_spi1_lib_legacy.o)
 .comment       0x00000000       0x3d c:/program files (x86)/microchip/xc32/v1.32/bin/bin/../../lib/gcc/pic32mx/4.5.2/../../../../pic32mx/lib\libmchp_peripheral_32MX795F512L.a(spi_open_spi1_lib_legacy.o)
 .comment       0x00000000       0x3d c:/program files (x86)/microchip/xc32/v1.32/bin/bin/../../lib/gcc/pic32mx/4.5.2/../../../../pic32mx/lib\libmchp_peripheral_32MX795F512L.a(spi_brg_tbl_lib_legacy.o)
 .comment       0x00000000       0x3d c:/program files (x86)/microchip/xc32/v1.32/bin/bin/../../lib/gcc/pic32mx/4.5.2/../../../../pic32mx/lib\libmchp_peripheral_32MX795F512L.a(port_set_pins_digital_in_lib.o)
 .comment       0x00000000       0x3d c:/program files (x86)/microchip/xc32/v1.32/bin/bin/../../lib/gcc/pic32mx/4.5.2/../../../../pic32mx/lib\libmchp_peripheral_32MX795F512L.a(port_set_pins_digital_out_lib.o)
 .comment       0x00000000       0x3d c:/program files (x86)/microchip/xc32/v1.32/bin/bin/../../lib/gcc/pic32mx/4.5.2/../../../../pic32mx/lib\libmchp_peripheral_32MX795F512L.a(_ports_tbl_libp.o)
 .comment       0x00000000       0x3d c:/program files (x86)/microchip/xc32/v1.32/bin/bin/../../lib/gcc/pic32mx/4.5.2/../../../../pic32mx/lib\libmchp_peripheral_32MX795F512L.a(int_enable_interrupts_lib.o)
 .comment       0x00000000       0x3d c:/program files (x86)/microchip/xc32/v1.32/bin/bin/../../lib/gcc/pic32mx/4.5.2\libgcc.a(_udivdi3.o)
 .comment       0x00000000       0x3d c:/program files (x86)/microchip/xc32/v1.32/bin/bin/../../lib/gcc/pic32mx/4.5.2\libgcc.a(_umoddi3.o)
 .comment       0x00000000       0x3d c:/program files (x86)/microchip/xc32/v1.32/bin/bin/../../lib/gcc/pic32mx/4.5.2\libgcc.a(floatunsisf.o)
 .comment       0x00000078       0x18 c:/program files (x86)/microchip/xc32/v1.32/bin/bin/../../lib/gcc/pic32mx/4.5.2/../../../../pic32mx/lib\libpic32.a(memcmp.o)
                                 0x19 (size before relaxing)
 .comment       0x00000090       0x18 c:/program files (x86)/microchip/xc32/v1.32/bin/bin/../../lib/gcc/pic32mx/4.5.2/../../../../pic32mx/lib\libpic32.a(memset.o)
                                 0x19 (size before relaxing)
 .comment       0x000000a8       0x55 c:/program files (x86)/microchip/xc32/v1.32/bin/bin/../../lib/gcc/pic32mx/4.5.2/../../../../pic32mx/lib\libpic32.a(strcmp.o)
                                 0x56 (size before relaxing)
 .comment       0x000000fd       0x19 c:/program files (x86)/microchip/xc32/v1.32/bin/bin/../../lib/gcc/pic32mx/4.5.2/../../../../pic32mx/lib\libpic32.a(strcpy.o)
                                 0x1a (size before relaxing)
 .comment       0x00000116       0x19 c:/program files (x86)/microchip/xc32/v1.32/bin/bin/../../lib/gcc/pic32mx/4.5.2/../../../../pic32mx/lib\libpic32.a(strlen.o)
                                 0x1a (size before relaxing)
 .comment       0x00000000       0x3d c:/program files (x86)/microchip/xc32/v1.32/bin/bin/../../lib/gcc/pic32mx/4.5.2/../../../../pic32mx/lib\libpic32.a(default-bootstrap-exception-handler.o)
 .comment       0x00000000       0x3d c:/program files (x86)/microchip/xc32/v1.32/bin/bin/../../lib/gcc/pic32mx/4.5.2/../../../../pic32mx/lib\libpic32.a(default-on-reset.o)
 .comment       0x00000000       0x3d c:/program files (x86)/microchip/xc32/v1.32/bin/bin/../../lib/gcc/pic32mx/4.5.2/../../../../pic32mx/lib\libpic32.a(default-on-bootstrap.o)
 .comment       0x00000000       0x3d c:/program files (x86)/microchip/xc32/v1.32/bin/bin/../../lib/gcc/pic32mx/4.5.2/../../../../pic32mx/lib\libpic32.a(default-general-exception-handler.o)
 .comment       0x00000000       0x3d c:/program files (x86)/microchip/xc32/v1.32/bin/bin/../../lib/gcc/pic32mx/4.5.2/../../../../pic32mx/lib\libpic32.a(defaultinterrupt.o)
 .comment       0x00000000       0x3d c:/program files (x86)/microchip/xc32/v1.32/bin/bin/../../lib/gcc/pic32mx/4.5.2/../../../../pic32mx/lib\libc.a(calloc.o)
 .comment       0x0000012f       0x4f c:/program files (x86)/microchip/xc32/v1.32/bin/bin/../../lib/gcc/pic32mx/4.5.2/../../../../pic32mx/lib\libc.a(ctypef.o)
                                 0x8c (size before relaxing)
 .comment       0x00000000       0x3d c:/program files (x86)/microchip/xc32/v1.32/bin/bin/../../lib/gcc/pic32mx/4.5.2/../../../../pic32mx/lib\libc.a(itoa.o)
 .comment       0x00000000       0x3d c:/program files (x86)/microchip/xc32/v1.32/bin/bin/../../lib/gcc/pic32mx/4.5.2/../../../../pic32mx/lib\libc.a(ltoa.o)
 .comment       0x00000000       0x3d c:/program files (x86)/microchip/xc32/v1.32/bin/bin/../../lib/gcc/pic32mx/4.5.2/../../../../pic32mx/lib\libc.a(malloc.o)
 .comment       0x00000000       0x3d c:/program files (x86)/microchip/xc32/v1.32/bin/bin/../../lib/gcc/pic32mx/4.5.2/../../../../pic32mx/lib\libc.a(strncpy.o)
 .comment       0x0000017e       0x4e c:/program files (x86)/microchip/xc32/v1.32/bin/bin/../../lib/gcc/pic32mx/4.5.2/../../../../pic32mx/lib\libc.a(ctype.o)
                                 0x8b (size before relaxing)
 .comment       0x000001cc       0x4b c:/program files (x86)/microchip/xc32/v1.32/bin/bin/../../lib/gcc/pic32mx/4.5.2/../../../../pic32mx/lib\libpic32.a(sbrk.o)
                                 0x88 (size before relaxing)
 .comment       0x00000000       0x3d c:/program files (x86)/microchip/xc32/v1.32/bin/bin/../../lib/gcc/pic32mx/4.5.2/../../../../pic32mx/lib\libpic32.a(errno.o)

.debug
 *(.debug)

.line
 *(.line)

.debug_srcinfo
 *(.debug_srcinfo)

.debug_sfnames
 *(.debug_sfnames)

.debug_aranges  0x00000000      0xbe8
 *(.debug_aranges)
 .debug_aranges
                0x00000000       0x20 build/default/production/_ext/1614233714/system_init.o
 .debug_aranges
                0x00000020       0x20 build/default/production/_ext/1863216922/adc_driver.o
 .debug_aranges
                0x00000040       0x20 build/default/production/_ext/1863216922/i2c_driver.o
 .debug_aranges
                0x00000060       0x20 build/default/production/_ext/1863216922/joystick_driver.o
 .debug_aranges
                0x00000080       0x20 build/default/production/_ext/1863216922/lcd_driver.o
 .debug_aranges
                0x000000a0       0x20 build/default/production/_ext/1863216922/led_driver.o
 .debug_aranges
                0x000000c0       0x20 build/default/production/_ext/1863216922/uart_driver.o
 .debug_aranges
                0x000000e0       0x20 build/default/production/_ext/1498672714/main.o
 .debug_aranges
                0x00000100       0x20 build/default/production/_ext/780186554/interrupts.o
 .debug_aranges
                0x00000120       0x20 build/default/production/_ext/780186554/scheduler.o
 .debug_aranges
                0x00000140       0x20 build/default/production/_ext/1649800668/SD-SPI.o
 .debug_aranges
                0x00000160       0x20 build/default/production/_ext/1899928523/Announce.o
 .debug_aranges
                0x00000180       0x20 build/default/production/_ext/1899928523/ARP.o
 .debug_aranges
                0x000001a0       0x20 build/default/production/_ext/1899928523/AutoIP.o
 .debug_aranges
                0x000001c0       0x20 build/default/production/_ext/1899928523/Delay.o
 .debug_aranges
                0x000001e0       0x20 build/default/production/_ext/1899928523/DHCP.o
 .debug_aranges
                0x00000200       0x20 build/default/production/_ext/1899928523/DHCPs.o
 .debug_aranges
                0x00000220       0x20 build/default/production/_ext/1899928523/DNS.o
 .debug_aranges
                0x00000240       0x20 build/default/production/_ext/1899928523/ETHPIC32ExtPhy.o
 .debug_aranges
                0x00000260       0x20 build/default/production/_ext/1899928523/ETHPIC32ExtPhyDP83848.o
 .debug_aranges
                0x00000280       0x20 build/default/production/_ext/1899928523/ETHPIC32IntMac.o
 .debug_aranges
                0x000002a0       0x20 build/default/production/_ext/1899928523/Helpers.o
 .debug_aranges
                0x000002c0       0x20 build/default/production/_ext/1899928523/HTTP2.o
 .debug_aranges
                0x000002e0       0x20 build/default/production/_ext/1899928523/ICMP.o
 .debug_aranges
                0x00000300       0x20 build/default/production/_ext/1899928523/IP.o
 .debug_aranges
                0x00000320       0x20 build/default/production/_ext/1899928523/MPFS2.o
 .debug_aranges
                0x00000340       0x20 build/default/production/_ext/1899928523/NBNS.o
 .debug_aranges
                0x00000360       0x20 build/default/production/_ext/1899928523/StackTsk.o
 .debug_aranges
                0x00000380       0x20 build/default/production/_ext/1899928523/TCP.o
 .debug_aranges
                0x000003a0       0x20 build/default/production/_ext/1899928523/Tick.o
 .debug_aranges
                0x000003c0       0x20 build/default/production/_ext/1899928523/UDP.o
 .debug_aranges
                0x000003e0       0x20 build/default/production/_ext/395789329/fsio.o
 .debug_aranges
                0x00000400       0x20 build/default/production/_ext/395789329/usb_host.o
 .debug_aranges
                0x00000420       0x20 build/default/production/_ext/395789329/usb_host_msd.o
 .debug_aranges
                0x00000440       0x20 build/default/production/_ext/395789329/usb_host_msd_scsi.o
 .debug_aranges
                0x00000460       0x20 build/default/production/_ext/779311843/adc_task.o
 .debug_aranges
                0x00000480       0x20 build/default/production/_ext/779311843/app_task.o
 .debug_aranges
                0x000004a0       0x20 build/default/production/_ext/779311843/com_task.o
 .debug_aranges
                0x000004c0       0x20 build/default/production/_ext/779311843/led_task.o
 .debug_aranges
                0x000004e0       0x20 build/default/production/_ext/779311843/mcp23008_task.o
 .debug_aranges
                0x00000500       0x20 build/default/production/_ext/779311843/tcpip_task.o
 .debug_aranges
                0x00000520       0x20 build/default/production/_ext/779311843/test_task.o
 .debug_aranges
                0x00000540       0x20 build/default/production/_ext/779311843/usb_task.o
 .debug_aranges
                0x00000560       0x20 c:/program files (x86)/microchip/xc32/v1.32/bin/bin/../../lib/gcc/pic32mx/4.5.2/../../../../pic32mx/lib\libmchp_peripheral.a(read_core_timer_lib.o)
 .debug_aranges
                0x00000580       0x48 c:/program files (x86)/microchip/xc32/v1.32/bin/bin/../../lib/gcc/pic32mx/4.5.2/../../../../pic32mx/lib\libmchp_peripheral_32MX795F512L.a(eth_ack_packet_lib.o)
 .debug_aranges
                0x000005c8       0x28 c:/program files (x86)/microchip/xc32/v1.32/bin/bin/../../lib/gcc/pic32mx/4.5.2/../../../../pic32mx/lib\libmchp_peripheral_32MX795F512L.a(eth_descriptors_add_lib.o)
 .debug_aranges
                0x000005f0       0x20 c:/program files (x86)/microchip/xc32/v1.32/bin/bin/../../lib/gcc/pic32mx/4.5.2/../../../../pic32mx/lib\libmchp_peripheral_32MX795F512L.a(eth_init_lib.o)
 .debug_aranges
                0x00000610       0x20 c:/program files (x86)/microchip/xc32/v1.32/bin/bin/../../lib/gcc/pic32mx/4.5.2/../../../../pic32mx/lib\libmchp_peripheral_32MX795F512L.a(eth_mac_open_lib.o)
 .debug_aranges
                0x00000630       0x30 c:/program files (x86)/microchip/xc32/v1.32/bin/bin/../../lib/gcc/pic32mx/4.5.2/../../../../pic32mx/lib\libmchp_peripheral_32MX795F512L.a(eth_mac_set_address_max_lib.o)
 .debug_aranges
                0x00000660       0x20 c:/program files (x86)/microchip/xc32/v1.32/bin/bin/../../lib/gcc/pic32mx/4.5.2/../../../../pic32mx/lib\libmchp_peripheral_32MX795F512L.a(eth_rx_buffers_append_lib.o)
 .debug_aranges
                0x00000680       0x48 c:/program files (x86)/microchip/xc32/v1.32/bin/bin/../../lib/gcc/pic32mx/4.5.2/../../../../pic32mx/lib\libmchp_peripheral_32MX795F512L.a(eth_rx_filters_lib.o)
 .debug_aranges
                0x000006c8       0x28 c:/program files (x86)/microchip/xc32/v1.32/bin/bin/../../lib/gcc/pic32mx/4.5.2/../../../../pic32mx/lib\libmchp_peripheral_32MX795F512L.a(eth_rx_get_packet_lib.o)
 .debug_aranges
                0x000006f0       0x20 c:/program files (x86)/microchip/xc32/v1.32/bin/bin/../../lib/gcc/pic32mx/4.5.2/../../../../pic32mx/lib\libmchp_peripheral_32MX795F512L.a(eth_rx_set_buffer_size_lib.o)
 .debug_aranges
                0x00000710       0x48 c:/program files (x86)/microchip/xc32/v1.32/bin/bin/../../lib/gcc/pic32mx/4.5.2/../../../../pic32mx/lib\libmchp_peripheral_32MX795F512L.a(eth_tx_packet_lib.o)
 .debug_aranges
                0x00000758       0x20 c:/program files (x86)/microchip/xc32/v1.32/bin/bin/../../lib/gcc/pic32mx/4.5.2/../../../../pic32mx/lib\libmchp_peripheral_32MX795F512L.a(_eth_append_busy_list_lib.o)
 .debug_aranges
                0x00000778       0x48 c:/program files (x86)/microchip/xc32/v1.32/bin/bin/../../lib/gcc/pic32mx/4.5.2/../../../../pic32mx/lib\libmchp_peripheral_32MX795F512L.a(eth_miim_access.o)
 .debug_aranges
                0x000007c0       0x28 c:/program files (x86)/microchip/xc32/v1.32/bin/bin/../../lib/gcc/pic32mx/4.5.2/../../../../pic32mx/lib\libmchp_peripheral_32MX795F512L.a(pcache.o)
 .debug_aranges
                0x000007e8       0x20 c:/program files (x86)/microchip/xc32/v1.32/bin/bin/../../lib/gcc/pic32mx/4.5.2/../../../../pic32mx/lib\libmchp_peripheral_32MX795F512L.a(int_disable_interrupts_lib.o)
 .debug_aranges
                0x00000808       0x20 c:/program files (x86)/microchip/xc32/v1.32/bin/bin/../../lib/gcc/pic32mx/4.5.2/../../../../pic32mx/lib\libmchp_peripheral_32MX795F512L.a(int_restore_interrupts_lib.o)
 .debug_aranges
                0x00000828       0x20 c:/program files (x86)/microchip/xc32/v1.32/bin/bin/../../lib/gcc/pic32mx/4.5.2/../../../../pic32mx/lib\libmchp_peripheral_32MX795F512L.a(int_enable_mv_int_lib.o)
 .debug_aranges
                0x00000848       0x60 c:/program files (x86)/microchip/xc32/v1.32/bin/bin/../../lib/gcc/pic32mx/4.5.2/../../../../pic32mx/lib\libmchp_peripheral_32MX795F512L.a(int_tbl_lib.o)
 .debug_aranges
                0x000008a8       0x20 c:/program files (x86)/microchip/xc32/v1.32/bin/bin/../../lib/gcc/pic32mx/4.5.2/../../../../pic32mx/lib\libmchp_peripheral_32MX795F512L.a(spi_getc_spi1_lib_legacy.o)
 .debug_aranges
                0x000008c8       0x20 c:/program files (x86)/microchip/xc32/v1.32/bin/bin/../../lib/gcc/pic32mx/4.5.2/../../../../pic32mx/lib\libmchp_peripheral_32MX795F512L.a(spi_open_spi1_lib_legacy.o)
 .debug_aranges
                0x000008e8       0x20 c:/program files (x86)/microchip/xc32/v1.32/bin/bin/../../lib/gcc/pic32mx/4.5.2/../../../../pic32mx/lib\libmchp_peripheral_32MX795F512L.a(port_set_pins_digital_in_lib.o)
 .debug_aranges
                0x00000908       0x20 c:/program files (x86)/microchip/xc32/v1.32/bin/bin/../../lib/gcc/pic32mx/4.5.2/../../../../pic32mx/lib\libmchp_peripheral_32MX795F512L.a(port_set_pins_digital_out_lib.o)
 .debug_aranges